Component: ARM Compiler 5.05 update 1 (build 106) Tool: armlink [4d0efa]

==============================================================================

Section Cross References

    startup_stm32f042x6.o(RESET) refers to startup_stm32f042x6.o(STACK) for __initial_sp
    startup_stm32f042x6.o(RESET) refers to startup_stm32f042x6.o(.text) for Reset_Handler
    startup_stm32f042x6.o(RESET) refers to stm32f0xx_it.o(i.NMI_Handler) for NMI_Handler
    startup_stm32f042x6.o(RESET) refers to stm32f0xx_it.o(i.HardFault_Handler) for HardFault_Handler
    startup_stm32f042x6.o(RESET) refers to stm32f0xx_it.o(i.SVC_Handler) for SVC_Handler
    startup_stm32f042x6.o(RESET) refers to stm32f0xx_it.o(i.PendSV_Handler) for PendSV_Handler
    startup_stm32f042x6.o(RESET) refers to stm32f0xx_it.o(i.SysTick_Handler) for SysTick_Handler
    startup_stm32f042x6.o(RESET) refers to stm32f0xx_it.o(i.TIM3_IRQHandler) for TIM3_IRQHandler
    startup_stm32f042x6.o(RESET) refers to stm32f0xx_it.o(i.USART1_IRQHandler) for USART1_IRQHandler
    startup_stm32f042x6.o(RESET) refers to stm32f0xx_it.o(i.USART2_IRQHandler) for USART2_IRQHandler
    startup_stm32f042x6.o(RESET) refers to stm32f0xx_it.o(i.USB_IRQHandler) for USB_IRQHandler
    startup_stm32f042x6.o(.text) refers to startup_stm32f042x6.o(STACK) for __initial_sp
    startup_stm32f042x6.o(.text) refers to system_stm32f0xx.o(i.SystemInit) for SystemInit
    startup_stm32f042x6.o(.text) refers to entry.o(.ARM.Collect$$$$00000000) for __main
    main.o(i.main) refers to stm32f0xx_hal.o(i.HAL_Init) for HAL_Init
    main.o(i.main) refers to stm32f0xx_hal_rcc.o(i.HAL_RCC_OscConfig) for HAL_RCC_OscConfig
    main.o(i.main) refers to stm32f0xx_hal_rcc_ex.o(i.HAL_RCCEx_PeriphCLKConfig) for HAL_RCCEx_PeriphCLKConfig
    main.o(i.main) refers to stm32f0xx_hal_rcc.o(i.HAL_RCC_ClockConfig) for HAL_RCC_ClockConfig
    main.o(i.main) refers to usbd_core.o(i.USBD_Init) for USBD_Init
    main.o(i.main) refers to usbd_core.o(i.USBD_RegisterClass) for USBD_RegisterClass
    main.o(i.main) refers to usbd_cdc.o(i.USBD_CDC_RegisterInterface) for USBD_CDC_RegisterInterface
    main.o(i.main) refers to usbd_core.o(i.USBD_Start) for USBD_Start
    main.o(i.main) refers to memcpya.o(.text) for __aeabi_memcpy
    main.o(i.main) refers to usbd_cdc.o(i.USBD_CDC_SetTxBuffer) for USBD_CDC_SetTxBuffer
    main.o(i.main) refers to usbd_cdc.o(i.USBD_CDC_TransmitPacket) for USBD_CDC_TransmitPacket
    main.o(i.main) refers to usbd_desc.o(.data) for VCP_Desc
    main.o(i.main) refers to main.o(.bss) for .bss
    main.o(i.main) refers to usbd_cdc.o(.data) for USBD_CDC
    main.o(i.main) refers to usbd_cdc_interface.o(.data) for USBD_CDC_fops
    main.o(i.main) refers to usbd_cdc.o(.bss) for UserTxBuffer
    main.o(i.main) refers to main.o(.data) for .data
    main.o(i.main) refers to stm32f0xx_hal_msp.o(.bss) for hdma_rx
    main.o(i.main) refers to usbd_cdc_interface.o(.bss) for UART_RxBuffer
    stm32f0xx_hal_msp.o(i.HAL_UART_MspDeInit) refers to stm32f0xx_hal_gpio.o(i.HAL_GPIO_DeInit) for HAL_GPIO_DeInit
    stm32f0xx_hal_msp.o(i.HAL_UART_MspDeInit) refers to stm32f0xx_hal_cortex.o(i.HAL_NVIC_DisableIRQ) for HAL_NVIC_DisableIRQ
    stm32f0xx_hal_msp.o(i.HAL_UART_MspInit) refers to stm32f0xx_hal_gpio.o(i.HAL_GPIO_Init) for HAL_GPIO_Init
    stm32f0xx_hal_msp.o(i.HAL_UART_MspInit) refers to stm32f0xx_hal_cortex.o(i.HAL_NVIC_SetPriority) for HAL_NVIC_SetPriority
    stm32f0xx_hal_msp.o(i.HAL_UART_MspInit) refers to stm32f0xx_hal_cortex.o(i.HAL_NVIC_EnableIRQ) for HAL_NVIC_EnableIRQ
    stm32f0xx_hal_msp.o(i.HAL_UART_MspInit) refers to stm32f0xx_hal_dma.o(i.HAL_DMA_Init) for HAL_DMA_Init
    stm32f0xx_hal_msp.o(i.HAL_UART_MspInit) refers to stm32f0xx_hal_msp.o(.bss) for .bss
    stm32f0xx_it.o(i.SysTick_Handler) refers to stm32f0xx_hal.o(i.HAL_IncTick) for HAL_IncTick
    stm32f0xx_it.o(i.TIM3_IRQHandler) refers to stm32f0xx_hal_tim.o(i.HAL_TIM_IRQHandler) for HAL_TIM_IRQHandler
    stm32f0xx_it.o(i.TIM3_IRQHandler) refers to usbd_cdc_interface.o(.bss) for TimHandle
    stm32f0xx_it.o(i.USART1_IRQHandler) refers to stm32f0xx_hal_uart.o(i.HAL_UART_IRQHandler) for HAL_UART_IRQHandler
    stm32f0xx_it.o(i.USART1_IRQHandler) refers to usbd_cdc_interface.o(.bss) for UartHandleX
    stm32f0xx_it.o(i.USART2_IRQHandler) refers to stm32f0xx_hal_uart.o(i.HAL_UART_IRQHandler) for HAL_UART_IRQHandler
    stm32f0xx_it.o(i.USART2_IRQHandler) refers to usbd_cdc_interface.o(.bss) for UartHandleY
    stm32f0xx_it.o(i.USB_IRQHandler) refers to stm32f0xx_hal_pcd.o(i.HAL_PCD_IRQHandler) for HAL_PCD_IRQHandler
    stm32f0xx_it.o(i.USB_IRQHandler) refers to usbd_conf.o(.bss) for hpcd
    usbd_cdc_interface.o(i.CDC_Itf_Control_UARTx) refers to uread4.o(.text) for __aeabi_uread4
    usbd_cdc_interface.o(i.CDC_Itf_Control_UARTx) refers to usbd_cdc_interface.o(i.ComPort_Config) for ComPort_Config
    usbd_cdc_interface.o(i.CDC_Itf_Control_UARTx) refers to usbd_cdc_interface.o(.data) for .data
[...]
    Removing stm32f0xx_hal_tim.o(i.TIM_TI1_ConfigInputStage), (34 bytes).
    Removing stm32f0xx_hal_tim.o(i.TIM_TI1_SetConfig), (76 bytes).
    Removing stm32f0xx_hal_tim.o(i.TIM_TI2_ConfigInputStage), (38 bytes).
    Removing stm32f0xx_hal_tim.o(i.TIM_TI2_SetConfig), (52 bytes).
    Removing stm32f0xx_hal_tim_ex.o(.rev16_text), (4 bytes).
    Removing stm32f0xx_hal_tim_ex.o(.revsh_text), (4 bytes).
    Removing stm32f0xx_hal_tim_ex.o(i.HAL_TIMEx_ConfigBreakDeadTime), (60 bytes).
    Removing stm32f0xx_hal_tim_ex.o(i.HAL_TIMEx_ConfigCommutationEvent), (88 bytes).
    Removing stm32f0xx_hal_tim_ex.o(i.HAL_TIMEx_ConfigCommutationEvent_DMA), (120 bytes).
    Removing stm32f0xx_hal_tim_ex.o(i.HAL_TIMEx_ConfigCommutationEvent_IT), (98 bytes).
    Removing stm32f0xx_hal_tim_ex.o(i.HAL_TIMEx_HallSensor_DeInit), (52 bytes).
    Removing stm32f0xx_hal_tim_ex.o(i.HAL_TIMEx_HallSensor_GetState), (6 bytes).
    Removing stm32f0xx_hal_tim_ex.o(i.HAL_TIMEx_HallSensor_Init), (184 bytes).
    Removing stm32f0xx_hal_tim_ex.o(i.HAL_TIMEx_HallSensor_MspDeInit), (2 bytes).
    Removing stm32f0xx_hal_tim_ex.o(i.HAL_TIMEx_HallSensor_MspInit), (2 bytes).
    Removing stm32f0xx_hal_tim_ex.o(i.HAL_TIMEx_HallSensor_Start), (28 bytes).
    Removing stm32f0xx_hal_tim_ex.o(i.HAL_TIMEx_HallSensor_Start_DMA), (116 bytes).
    Removing stm32f0xx_hal_tim_ex.o(i.HAL_TIMEx_HallSensor_Start_IT), (38 bytes).
    Removing stm32f0xx_hal_tim_ex.o(i.HAL_TIMEx_HallSensor_Stop), (48 bytes).
    Removing stm32f0xx_hal_tim_ex.o(i.HAL_TIMEx_HallSensor_Stop_DMA), (60 bytes).
    Removing stm32f0xx_hal_tim_ex.o(i.HAL_TIMEx_HallSensor_Stop_IT), (60 bytes).
    Removing stm32f0xx_hal_tim_ex.o(i.HAL_TIMEx_MasterConfigSynchronization), (72 bytes).
    Removing stm32f0xx_hal_tim_ex.o(i.HAL_TIMEx_OCN_Start), (38 bytes).
    Removing stm32f0xx_hal_tim_ex.o(i.HAL_TIMEx_OCN_Start_DMA), (232 bytes).
    Removing stm32f0xx_hal_tim_ex.o(i.HAL_TIMEx_OCN_Start_IT), (94 bytes).
    Removing stm32f0xx_hal_tim_ex.o(i.HAL_TIMEx_OCN_Stop), (76 bytes).
    Removing stm32f0xx_hal_tim_ex.o(i.HAL_TIMEx_OCN_Stop_DMA), (136 bytes).
    Removing stm32f0xx_hal_tim_ex.o(i.HAL_TIMEx_OCN_Stop_IT), (136 bytes).
    Removing stm32f0xx_hal_tim_ex.o(i.HAL_TIMEx_OnePulseN_Start), (28 bytes).
    Removing stm32f0xx_hal_tim_ex.o(i.HAL_TIMEx_OnePulseN_Start_IT), (48 bytes).
    Removing stm32f0xx_hal_tim_ex.o(i.HAL_TIMEx_OnePulseN_Stop), (76 bytes).
    Removing stm32f0xx_hal_tim_ex.o(i.HAL_TIMEx_OnePulseN_Stop_IT), (96 bytes).
    Removing stm32f0xx_hal_tim_ex.o(i.HAL_TIMEx_PWMN_Start), (38 bytes).
    Removing stm32f0xx_hal_tim_ex.o(i.HAL_TIMEx_PWMN_Start_DMA), (232 bytes).
    Removing stm32f0xx_hal_tim_ex.o(i.HAL_TIMEx_PWMN_Start_IT), (94 bytes).
    Removing stm32f0xx_hal_tim_ex.o(i.HAL_TIMEx_PWMN_Stop), (76 bytes).
    Removing stm32f0xx_hal_tim_ex.o(i.HAL_TIMEx_PWMN_Stop_DMA), (136 bytes).
    Removing stm32f0xx_hal_tim_ex.o(i.HAL_TIMEx_PWMN_Stop_IT), (136 bytes).
    Removing stm32f0xx_hal_tim_ex.o(i.HAL_TIMEx_RemapConfig), (30 bytes).
    Removing stm32f0xx_hal_tim_ex.o(i.TIMEx_DMACommutationCplt), (16 bytes).
    Removing stm32f0xx_hal_tim_ex.o(i.TIM_CCxNChannelCmd), (22 bytes).
    Removing stm32f0xx_hal_uart.o(.rev16_text), (4 bytes).
    Removing stm32f0xx_hal_uart.o(.revsh_text), (4 bytes).
    Removing stm32f0xx_hal_uart.o(i.HAL_HalfDuplex_EnableReceiver), (54 bytes).
    Removing stm32f0xx_hal_uart.o(i.HAL_HalfDuplex_EnableTransmitter), (54 bytes).
    Removing stm32f0xx_hal_uart.o(i.HAL_HalfDuplex_Init), (118 bytes).
    Removing stm32f0xx_hal_uart.o(i.HAL_MultiProcessor_DisableMuteMode), (46 bytes).
    Removing stm32f0xx_hal_uart.o(i.HAL_MultiProcessor_EnableMuteMode), (46 bytes).
    Removing stm32f0xx_hal_uart.o(i.HAL_MultiProcessor_EnterMuteMode), (12 bytes).
    Removing stm32f0xx_hal_uart.o(i.HAL_MultiProcessor_Init), (144 bytes).
    Removing stm32f0xx_hal_uart.o(i.HAL_UART_DMAPause), (60 bytes).
    Removing stm32f0xx_hal_uart.o(i.HAL_UART_DMAResume), (66 bytes).
    Removing stm32f0xx_hal_uart.o(i.HAL_UART_DMAStop), (56 bytes).
    Removing stm32f0xx_hal_uart.o(i.HAL_UART_ErrorCallback), (2 bytes).
    Removing stm32f0xx_hal_uart.o(i.HAL_UART_GetError), (4 bytes).
    Removing stm32f0xx_hal_uart.o(i.HAL_UART_GetState), (12 bytes).
    Removing stm32f0xx_hal_uart.o(i.HAL_UART_MspDeInit), (2 bytes).
    Removing stm32f0xx_hal_uart.o(i.HAL_UART_MspInit), (2 bytes).
    Removing stm32f0xx_hal_uart.o(i.HAL_UART_Receive), (232 bytes).
    Removing stm32f0xx_hal_uart.o(i.HAL_UART_Receive_IT), (168 bytes).
    Removing stm32f0xx_hal_uart.o(i.HAL_UART_Transmit), (176 bytes).
    Removing stm32f0xx_hal_uart.o(i.HAL_UART_Transmit_DMA), (144 bytes).
    Removing stm32f0xx_hal_uart.o(i.HAL_UART_TxCpltCallback), (2 bytes).
    Removing stm32f0xx_hal_uart.o(i.HAL_UART_TxHalfCpltCallback), (2 bytes).
    Removing stm32f0xx_hal_uart.o(i.UART_DMATransmitCplt), (48 bytes).
    Removing stm32f0xx_hal_uart.o(i.UART_DMATxHalfCplt), (10 bytes).
    Removing stm32f0xx_hal_uart_ex.o(.rev16_text), (4 bytes).
    Removing stm32f0xx_hal_uart_ex.o(.revsh_text), (4 bytes).
    Removing stm32f0xx_hal_uart_ex.o(i.HAL_LIN_Init), (146 bytes).
    Removing stm32f0xx_hal_uart_ex.o(i.HAL_LIN_SendBreak), (42 bytes).
    Removing stm32f0xx_hal_uart_ex.o(i.HAL_MultiProcessorEx_AddressLength_Set), (54 bytes).
    Removing stm32f0xx_hal_uart_ex.o(i.HAL_RS485Ex_Init), (144 bytes).
    Removing stm32f0xx_hal_uart_ex.o(i.HAL_UARTEx_DisableStopMode), (42 bytes).
    Removing stm32f0xx_hal_uart_ex.o(i.HAL_UARTEx_EnableStopMode), (42 bytes).
    Removing stm32f0xx_hal_uart_ex.o(i.HAL_UARTEx_StopModeWakeUpSourceConfig), (140 bytes).
    Removing usbd_cdc.o(.rev16_text), (4 bytes).
    Removing usbd_cdc.o(.revsh_text), (4 bytes).
    Removing usbd_core.o(.rev16_text), (4 bytes).
    Removing usbd_core.o(.revsh_text), (4 bytes).
    Removing usbd_core.o(i.USBD_DeInit), (42 bytes).
    Removing usbd_core.o(i.USBD_LL_DevConnected), (4 bytes).
    Removing usbd_core.o(i.USBD_LL_DevDisconnected), (26 bytes).
    Removing usbd_core.o(i.USBD_LL_IsoINIncomplete), (4 bytes).
    Removing usbd_core.o(i.USBD_LL_IsoOUTIncomplete), (4 bytes).
    Removing usbd_core.o(i.USBD_LL_Resume), (12 bytes).
    Removing usbd_core.o(i.USBD_LL_Suspend), (16 bytes).
    Removing usbd_core.o(i.USBD_RunTestMode), (4 bytes).
    Removing usbd_core.o(i.USBD_Stop), (30 bytes).
    Removing usbd_ctlreq.o(.rev16_text), (4 bytes).
    Removing usbd_ctlreq.o(.revsh_text), (4 bytes).
    Removing usbd_ioreq.o(.rev16_text), (4 bytes).
    Removing usbd_ioreq.o(.revsh_text), (4 bytes).
    Removing usbd_ioreq.o(i.USBD_GetRxCount), (10 bytes).

465 unused section(s) (total 31620 bytes) removed from the image.

==============================================================================

Image Symbol Table

    Local Symbols

    Symbol Name                              Value     Ov Type        Size  Object(Section)

    ../clib/../cmprslib/zerorunl2.c          0x00000000   Number         0  __dczerorl2.o ABSOLUTE
    ../clib/microlib/division.c              0x00000000   Number         0  uidiv.o ABSOLUTE
    ../clib/microlib/init/entry.s            0x00000000   Number         0  entry7b.o ABSOLUTE
    ../clib/microlib/init/entry.s            0x00000000   Number         0  entry8b.o ABSOLUTE
    ../clib/microlib/init/entry.s            0x00000000   Number         0  entry8a.o ABSOLUTE
    ../clib/microlib/init/entry.s            0x00000000   Number         0  entry9b.o ABSOLUTE
    ../clib/microlib/init/entry.s            0x00000000   Number         0  entry10a.o ABSOLUTE
    ../clib/microlib/init/entry.s            0x00000000   Number         0  entry10b.o ABSOLUTE
    ../clib/microlib/init/entry.s            0x00000000   Number         0  entry11a.o ABSOLUTE
    ../clib/microlib/init/entry.s            0x00000000   Number         0  entry7a.o ABSOLUTE
    ../clib/microlib/init/entry.s            0x00000000   Number         0  entry11b.o ABSOLUTE
    ../clib/microlib/init/entry.s            0x00000000   Number         0  entry5.o ABSOLUTE
    ../clib/microlib/init/entry.s            0x00000000   Number         0  entry9a.o ABSOLUTE
    ../clib/microlib/init/entry.s            0x00000000   Number         0  entry.o ABSOLUTE
    ../clib/microlib/init/entry.s            0x00000000   Number         0  entry2.o ABSOLUTE
    ../clib/microlib/malloc/malloc.c         0x00000000   Number         0  mallocra.o ABSOLUTE
    ../clib/microlib/malloc/malloc.c         0x00000000   Number         0  malloca.o ABSOLUTE
    ../clib/microlib/malloc/malloc.c         0x00000000   Number         0  mallocr.o ABSOLUTE
    ../clib/microlib/malloc/malloc.c         0x00000000   Number         0  malloc.o ABSOLUTE
    ../clib/microlib/malloc/mvars.c          0x00000000   Number         0  mvars.o ABSOLUTE
    ../clib/microlib/string/memcpy.c         0x00000000   Number         0  memcpyb.o ABSOLUTE
    ../clib/microlib/string/memcpy.c         0x00000000   Number         0  memcpya.o ABSOLUTE
    ../clib/microlib/string/memset.c         0x00000000   Number         0  memseta.o ABSOLUTE
    ../clib/microlib/unhosted.c              0x00000000   Number         0  uread4.o ABSOLUTE
    ..\..\..\..\..\..\Drivers\BSP\STM32F0xx_Nucleo_32\stm32f0xx_nucleo_32.c 0x00000000   Number         0  stm32f0xx_nucleo_32.o ABSOLUTE
    ..\..\..\..\..\..\Drivers\STM32F0xx_HAL_Driver\Src\stm32f0xx_hal.c 0x00000000   Number         0  stm32f0xx_hal.o ABSOLUTE
    ..\..\..\..\..\..\Drivers\STM32F0xx_HAL_Driver\Src\stm32f0xx_hal_cortex.c 0x00000000   Number         0  stm32f0xx_hal_cortex.o ABSOLUTE
    ..\..\..\..\..\..\Drivers\STM32F0xx_HAL_Driver\Src\stm32f0xx_hal_dma.c 0x00000000   Number         0  stm32f0xx_hal_dma.o ABSOLUTE
    ..\..\..\..\..\..\Drivers\STM32F0xx_HAL_Driver\Src\stm32f0xx_hal_gpio.c 0x00000000   Number         0  stm32f0xx_hal_gpio.o ABSOLUTE
    ..\..\..\..\..\..\Drivers\STM32F0xx_HAL_Driver\Src\stm32f0xx_hal_i2c.c 0x00000000   Number         0  stm32f0xx_hal_i2c.o ABSOLUTE
    ..\..\..\..\..\..\Drivers\STM32F0xx_HAL_Driver\Src\stm32f0xx_hal_pcd.c 0x00000000   Number         0  stm32f0xx_hal_pcd.o ABSOLUTE
    ..\..\..\..\..\..\Drivers\STM32F0xx_HAL_Driver\Src\stm32f0xx_hal_pcd_ex.c 0x00000000   Number         0  stm32f0xx_hal_pcd_ex.o ABSOLUTE
    ..\..\..\..\..\..\Drivers\STM32F0xx_HAL_Driver\Src\stm32f0xx_hal_pwr.c 0x00000000   Number         0  stm32f0xx_hal_pwr.o ABSOLUTE
    ..\..\..\..\..\..\Drivers\STM32F0xx_HAL_Driver\Src\stm32f0xx_hal_rcc.c 0x00000000   Number         0  stm32f0xx_hal_rcc.o ABSOLUTE
    ..\..\..\..\..\..\Drivers\STM32F0xx_HAL_Driver\Src\stm32f0xx_hal_rcc_ex.c 0x00000000   Number         0  stm32f0xx_hal_rcc_ex.o ABSOLUTE
    ..\..\..\..\..\..\Drivers\STM32F0xx_HAL_Driver\Src\stm32f0xx_hal_spi.c 0x00000000   Number         0  stm32f0xx_hal_spi.o ABSOLUTE
    ..\..\..\..\..\..\Drivers\STM32F0xx_HAL_Driver\Src\stm32f0xx_hal_tim.c 0x00000000   Number         0  stm32f0xx_hal_tim.o ABSOLUTE
    ..\..\..\..\..\..\Drivers\STM32F0xx_HAL_Driver\Src\stm32f0xx_hal_tim_ex.c 0x00000000   Number         0  stm32f0xx_hal_tim_ex.o ABSOLUTE
    ..\..\..\..\..\..\Drivers\STM32F0xx_HAL_Driver\Src\stm32f0xx_hal_uart.c 0x00000000   Number         0  stm32f0xx_hal_uart.o ABSOLUTE
    ..\..\..\..\..\..\Drivers\STM32F0xx_HAL_Driver\Src\stm32f0xx_hal_uart_ex.c 0x00000000   Number         0  stm32f0xx_hal_uart_ex.o ABSOLUTE
    ..\..\..\..\..\..\Middlewares\ST\STM32_USB_Device_Library\Class\CDC\Src\usbd_cdc.c 0x00000000   Number         0  usbd_cdc.o ABSOLUTE
    ..\..\..\..\..\..\Middlewares\ST\STM32_USB_Device_Library\Core\Src\usbd_core.c 0x00000000   Number         0  usbd_core.o ABSOLUTE
    ..\..\..\..\..\..\Middlewares\ST\STM32_USB_Device_Library\Core\Src\usbd_ctlreq.c 0x00000000   Number         0  usbd_ctlreq.o ABSOLUTE
    ..\..\..\..\..\..\Middlewares\ST\STM32_USB_Device_Library\Core\Src\usbd_ioreq.c 0x00000000   Number         0  usbd_ioreq.o ABSOLUTE
    ..\Src\main.c                            0x00000000   Number         0  main.o ABSOLUTE
    ..\Src\stm32f0xx_hal_msp.c               0x00000000   Number         0  stm32f0xx_hal_msp.o ABSOLUTE
    ..\Src\stm32f0xx_it.c                    0x00000000   Number         0  stm32f0xx_it.o ABSOLUTE
    ..\Src\system_stm32f0xx.c                0x00000000   Number         0  system_stm32f0xx.o ABSOLUTE
    ..\Src\usbd_cdc_interface.c              0x00000000   Number         0  usbd_cdc_interface.o ABSOLUTE
    ..\Src\usbd_conf.c                       0x00000000   Number         0  usbd_conf.o ABSOLUTE
    ..\Src\usbd_desc.c                       0x00000000   Number         0  usbd_desc.o ABSOLUTE
    ..\\..\\..\\..\\..\\..\\Drivers\\BSP\\STM32F0xx_Nucleo_32\\stm32f0xx_nucleo_32.c 0x00000000   Number         0  stm32f0xx_nucleo_32.o ABSOLUTE
    ..\\..\\..\\..\\..\\..\\Drivers\\STM32F0xx_HAL_Driver\\Src\\stm32f0xx_hal.c 0x00000000   Number         0  stm32f0xx_hal.o ABSOLUTE
    ..\\..\\..\\..\\..\\..\\Drivers\\STM32F0xx_HAL_Driver\\Src\\stm32f0xx_hal_cortex.c 0x00000000   Number         0  stm32f0xx_hal_cortex.o ABSOLUTE
    ..\\..\\..\\..\\..\\..\\Drivers\\STM32F0xx_HAL_Driver\\Src\\stm32f0xx_hal_dma.c 0x00000000   Number         0  stm32f0xx_hal_dma.o ABSOLUTE
    ..\\..\\..\\..\\..\\..\\Drivers\\STM32F0xx_HAL_Driver\\Src\\stm32f0xx_hal_gpio.c 0x00000000   Number         0  stm32f0xx_hal_gpio.o ABSOLUTE
    ..\\..\\..\\..\\..\\..\\Drivers\\STM32F0xx_HAL_Driver\\Src\\stm32f0xx_hal_i2c.c 0x00000000   Number         0  stm32f0xx_hal_i2c.o ABSOLUTE
    ..\\..\\..\\..\\..\\..\\Drivers\\STM32F0xx_HAL_Driver\\Src\\stm32f0xx_hal_pcd.c 0x00000000   Number         0  stm32f0xx_hal_pcd.o ABSOLUTE
    ..\\..\\..\\..\\..\\..\\Drivers\\STM32F0xx_HAL_Driver\\Src\\stm32f0xx_hal_pcd_ex.c 0x00000000   Number         0  stm32f0xx_hal_pcd_ex.o ABSOLUTE
    ..\\..\\..\\..\\..\\..\\Drivers\\STM32F0xx_HAL_Driver\\Src\\stm32f0xx_hal_pwr.c 0x00000000   Number         0  stm32f0xx_hal_pwr.o ABSOLUTE
    ..\\..\\..\\..\\..\\..\\Drivers\\STM32F0xx_HAL_Driver\\Src\\stm32f0xx_hal_rcc.c 0x00000000   Number         0  stm32f0xx_hal_rcc.o ABSOLUTE
    ..\\..\\..\\..\\..\\..\\Drivers\\STM32F0xx_HAL_Driver\\Src\\stm32f0xx_hal_rcc_ex.c 0x00000000   Number         0  stm32f0xx_hal_rcc_ex.o ABSOLUTE
    ..\\..\\..\\..\\..\\..\\Drivers\\STM32F0xx_HAL_Driver\\Src\\stm32f0xx_hal_spi.c 0x00000000   Number         0  stm32f0xx_hal_spi.o ABSOLUTE
    ..\\..\\..\\..\\..\\..\\Drivers\\STM32F0xx_HAL_Driver\\Src\\stm32f0xx_hal_tim.c 0x00000000   Number         0  stm32f0xx_hal_tim.o ABSOLUTE
    ..\\..\\..\\..\\..\\..\\Drivers\\STM32F0xx_HAL_Driver\\Src\\stm32f0xx_hal_tim_ex.c 0x00000000   Number         0  stm32f0xx_hal_tim_ex.o ABSOLUTE
    ..\\..\\..\\..\\..\\..\\Drivers\\STM32F0xx_HAL_Driver\\Src\\stm32f0xx_hal_uart.c 0x00000000   Number         0  stm32f0xx_hal_uart.o ABSOLUTE
    ..\\..\\..\\..\\..\\..\\Drivers\\STM32F0xx_HAL_Driver\\Src\\stm32f0xx_hal_uart_ex.c 0x00000000   Number         0  stm32f0xx_hal_uart_ex.o ABSOLUTE
    ..\\..\\..\\..\\..\\..\\Middlewares\\ST\\STM32_USB_Device_Library\\Class\\CDC\\Src\\usbd_cdc.c 0x00000000   Number         0  usbd_cdc.o ABSOLUTE
    ..\\..\\..\\..\\..\\..\\Middlewares\\ST\\STM32_USB_Device_Library\\Core\\Src\\usbd_core.c 0x00000000   Number         0  usbd_core.o ABSOLUTE
    ..\\..\\..\\..\\..\\..\\Middlewares\\ST\\STM32_USB_Device_Library\\Core\\Src\\usbd_ctlreq.c 0x00000000   Number         0  usbd_ctlreq.o ABSOLUTE
    ..\\..\\..\\..\\..\\..\\Middlewares\\ST\\STM32_USB_Device_Library\\Core\\Src\\usbd_ioreq.c 0x00000000   Number         0  usbd_ioreq.o ABSOLUTE
    ..\\Src\\main.c                          0x00000000   Number         0  main.o ABSOLUTE
    ..\\Src\\stm32f0xx_hal_msp.c             0x00000000   Number         0  stm32f0xx_hal_msp.o ABSOLUTE
    ..\\Src\\stm32f0xx_it.c                  0x00000000   Number         0  stm32f0xx_it.o ABSOLUTE
    ..\\Src\\system_stm32f0xx.c              0x00000000   Number         0  system_stm32f0xx.o ABSOLUTE
    ..\\Src\\usbd_cdc_interface.c            0x00000000   Number         0  usbd_cdc_interface.o ABSOLUTE
    ..\\Src\\usbd_conf.c                     0x00000000   Number         0  usbd_conf.o ABSOLUTE
    ..\\Src\\usbd_desc.c                     0x00000000   Number         0  usbd_desc.o ABSOLUTE
    dc.s                                     0x00000000   Number         0  dc.o ABSOLUTE
    handlers.s                               0x00000000   Number         0  handlers.o ABSOLUTE
    init.s                                   0x00000000   Number         0  init.o ABSOLUTE
    startup_stm32f042x6.s                    0x00000000   Number         0  startup_stm32f042x6.o ABSOLUTE
    RESET                                    0x08000000   Section      192  startup_stm32f042x6.o(RESET)
    .ARM.Collect$$$$00000000                 0x080000c0   Section        0  entry.o(.ARM.Collect$$$$00000000)
    .ARM.Collect$$$$00000001                 0x080000c0   Section        4  entry2.o(.ARM.Collect$$$$00000001)
    .ARM.Collect$$$$00000004                 0x080000c4   Section        4  entry5.o(.ARM.Collect$$$$00000004)
    .ARM.Collect$$$$00000008                 0x080000c8   Section        0  entry7b.o(.ARM.Collect$$$$00000008)
    .ARM.Collect$$$$0000000A                 0x080000c8   Section        0  entry8b.o(.ARM.Collect$$$$0000000A)
    .ARM.Collect$$$$0000000B                 0x080000c8   Section        8  entry9a.o(.ARM.Collect$$$$0000000B)
    .ARM.Collect$$$$0000000D                 0x080000d0   Section        0  entry10a.o(.ARM.Collect$$$$0000000D)
    .ARM.Collect$$$$0000000F                 0x080000d0   Section        0  entry11a.o(.ARM.Collect$$$$0000000F)
    .ARM.Collect$$$$00002712                 0x080000d0   Section        4  entry2.o(.ARM.Collect$$$$00002712)
    __lit__00000000                          0x080000d0   Data           4  entry2.o(.ARM.Collect$$$$00002712)
    .text                                    0x080000d4   Section       88  startup_stm32f042x6.o(.text)
    .text                                    0x0800012c   Section        0  uidiv.o(.text)
    .text                                    0x08000158   Section        0  memcpya.o(.text)
    .text                                    0x0800017c   Section        0  uread4.o(.text)
    .text                                    0x08000190   Section       36  init.o(.text)
    .text                                    0x080001b4   Section        0  __dczerorl2.o(.text)
    i.CDC_Itf_Control_UARTx                  0x0800020c   Section        0  usbd_cdc_interface.o(i.CDC_Itf_Control_UARTx)
    CDC_Itf_Control_UARTx                    0x0800020d   Thumb Code    96  usbd_cdc_interface.o(i.CDC_Itf_Control_UARTx)
    i.CDC_Itf_Control_UARTy                  0x08000274   Section        0  usbd_cdc_interface.o(i.CDC_Itf_Control_UARTy)
    CDC_Itf_Control_UARTy                    0x08000275   Thumb Code    96  usbd_cdc_interface.o(i.CDC_Itf_Control_UARTy)
    i.CDC_Itf_DeInit_UARTx                   0x080002dc   Section        0  usbd_cdc_interface.o(i.CDC_Itf_DeInit_UARTx)
    CDC_Itf_DeInit_UARTx                     0x080002dd   Thumb Code    12  usbd_cdc_interface.o(i.CDC_Itf_DeInit_UARTx)
    i.CDC_Itf_DeInit_UARTy                   0x080002ec   Section        0  usbd_cdc_interface.o(i.CDC_Itf_DeInit_UARTy)
    CDC_Itf_DeInit_UARTy                     0x080002ed   Thumb Code    12  usbd_cdc_interface.o(i.CDC_Itf_DeInit_UARTy)
    i.CDC_Itf_Init_UARTx                     0x080002fc   Section        0  usbd_cdc_interface.o(i.CDC_Itf_Init_UARTx)
    CDC_Itf_Init_UARTx                       0x080002fd   Thumb Code    96  usbd_cdc_interface.o(i.CDC_Itf_Init_UARTx)
    i.CDC_Itf_Init_UARTy                     0x08000374   Section        0  usbd_cdc_interface.o(i.CDC_Itf_Init_UARTy)
    CDC_Itf_Init_UARTy                       0x08000375   Thumb Code    94  usbd_cdc_interface.o(i.CDC_Itf_Init_UARTy)
    i.CDC_Itf_Receive_UARTx                  0x080003ec   Section        0  usbd_cdc_interface.o(i.CDC_Itf_Receive_UARTx)
    CDC_Itf_Receive_UARTx                    0x080003ed   Thumb Code    18  usbd_cdc_interface.o(i.CDC_Itf_Receive_UARTx)
    i.CDC_Itf_Receive_UARTy                  0x08000404   Section        0  usbd_cdc_interface.o(i.CDC_Itf_Receive_UARTy)
    CDC_Itf_Receive_UARTy                    0x08000405   Thumb Code    18  usbd_cdc_interface.o(i.CDC_Itf_Receive_UARTy)
    i.ComPort_Config                         0x0800041c   Section        0  usbd_cdc_interface.o(i.ComPort_Config)
    ComPort_Config                           0x0800041d   Thumb Code   156  usbd_cdc_interface.o(i.ComPort_Config)
    i.DMA_SetConfig                          0x080004c8   Section        0  stm32f0xx_hal_dma.o(i.DMA_SetConfig)
    DMA_SetConfig                            0x080004c9   Thumb Code    30  stm32f0xx_hal_dma.o(i.DMA_SetConfig)
    i.HAL_DMA_Init                           0x080004e8   Section        0  stm32f0xx_hal_dma.o(i.HAL_DMA_Init)
    i.HAL_DMA_Start_IT                       0x0800053c   Section        0  stm32f0xx_hal_dma.o(i.HAL_DMA_Start_IT)
    i.HAL_GPIO_DeInit                        0x0800058c   Section        0  stm32f0xx_hal_gpio.o(i.HAL_GPIO_DeInit)
    i.HAL_GPIO_Init                          0x08000654   Section        0  stm32f0xx_hal_gpio.o(i.HAL_GPIO_Init)
    i.HAL_GetTick                            0x08000790   Section        0  stm32f0xx_hal.o(i.HAL_GetTick)
    i.HAL_IncTick                            0x0800079c   Section        0  stm32f0xx_hal.o(i.HAL_IncTick)
    i.HAL_Init                               0x080007ac   Section        0  stm32f0xx_hal.o(i.HAL_Init)
    i.HAL_InitTick                           0x080007cc   Section        0  stm32f0xx_hal.o(i.HAL_InitTick)
    i.HAL_MspInit                            0x080007ee   Section        0  stm32f0xx_hal.o(i.HAL_MspInit)
    i.HAL_NVIC_DisableIRQ                    0x080007f0   Section        0  stm32f0xx_hal_cortex.o(i.HAL_NVIC_DisableIRQ)
    i.HAL_NVIC_EnableIRQ                     0x08000804   Section        0  stm32f0xx_hal_cortex.o(i.HAL_NVIC_EnableIRQ)
    i.HAL_NVIC_SetPriority                   0x08000818   Section        0  stm32f0xx_hal_cortex.o(i.HAL_NVIC_SetPriority)
    i.HAL_PCDEx_PMAConfig                    0x08000820   Section        0  stm32f0xx_hal_pcd_ex.o(i.HAL_PCDEx_PMAConfig)
    i.HAL_PCD_DataInStageCallback            0x0800085a   Section        0  usbd_conf.o(i.HAL_PCD_DataInStageCallback)
    i.HAL_PCD_DataOutStageCallback           0x08000872   Section        0  usbd_conf.o(i.HAL_PCD_DataOutStageCallback)
    i.HAL_PCD_EP_Close                       0x08000890   Section        0  stm32f0xx_hal_pcd.o(i.HAL_PCD_EP_Close)
    i.HAL_PCD_EP_ClrStall                    0x080009f8   Section        0  stm32f0xx_hal_pcd.o(i.HAL_PCD_EP_ClrStall)
    i.HAL_PCD_EP_GetRxCount                  0x08000aac   Section        0  stm32f0xx_hal_pcd.o(i.HAL_PCD_EP_GetRxCount)
    i.HAL_PCD_EP_Open                        0x08000ac0   Section        0  stm32f0xx_hal_pcd.o(i.HAL_PCD_EP_Open)
    i.HAL_PCD_EP_Receive                     0x08000d64   Section        0  stm32f0xx_hal_pcd.o(i.HAL_PCD_EP_Receive)
    i.HAL_PCD_EP_SetStall                    0x08000e6c   Section        0  stm32f0xx_hal_pcd.o(i.HAL_PCD_EP_SetStall)
    i.HAL_PCD_EP_Transmit                    0x08000f00   Section        0  stm32f0xx_hal_pcd.o(i.HAL_PCD_EP_Transmit)
    i.HAL_PCD_IRQHandler                     0x08000fec   Section        0  stm32f0xx_hal_pcd.o(i.HAL_PCD_IRQHandler)
    i.HAL_PCD_Init                           0x080010f8   Section        0  stm32f0xx_hal_pcd.o(i.HAL_PCD_Init)
    i.HAL_PCD_MspInit                        0x08001194   Section        0  usbd_conf.o(i.HAL_PCD_MspInit)
    i.HAL_PCD_ResetCallback                  0x0800120c   Section        0  usbd_conf.o(i.HAL_PCD_ResetCallback)
    i.HAL_PCD_ResumeCallback                 0x08001224   Section        0  usbd_conf.o(i.HAL_PCD_ResumeCallback)
    i.HAL_PCD_SOFCallback                    0x08001226   Section        0  usbd_conf.o(i.HAL_PCD_SOFCallback)
    i.HAL_PCD_SetAddress                     0x08001236   Section        0  stm32f0xx_hal_pcd.o(i.HAL_PCD_SetAddress)
    i.HAL_PCD_SetupStageCallback             0x08001262   Section        0  usbd_conf.o(i.HAL_PCD_SetupStageCallback)
    i.HAL_PCD_Start                          0x08001278   Section        0  stm32f0xx_hal_pcd.o(i.HAL_PCD_Start)
    i.HAL_PCD_SuspendCallback                0x0800128a   Section        0  usbd_conf.o(i.HAL_PCD_SuspendCallback)
    i.HAL_RCCEx_PeriphCLKConfig              0x0800128c   Section        0  stm32f0xx_hal_rcc_ex.o(i.HAL_RCCEx_PeriphCLKConfig)
    i.HAL_RCC_ClockConfig                    0x08001398   Section        0  stm32f0xx_hal_rcc.o(i.HAL_RCC_ClockConfig)
    i.HAL_RCC_GetHCLKFreq                    0x080014ec   Section        0  stm32f0xx_hal_rcc.o(i.HAL_RCC_GetHCLKFreq)
    i.HAL_RCC_GetPCLK1Freq                   0x080014f8   Section        0  stm32f0xx_hal_rcc.o(i.HAL_RCC_GetPCLK1Freq)
    i.HAL_RCC_GetSysClockFreq                0x08001518   Section        0  stm32f0xx_hal_rcc.o(i.HAL_RCC_GetSysClockFreq)
    i.HAL_RCC_OscConfig                      0x080015a0   Section        0  stm32f0xx_hal_rcc.o(i.HAL_RCC_OscConfig)
    i.HAL_SYSTICK_Config                     0x08001978   Section        0  stm32f0xx_hal_cortex.o(i.HAL_SYSTICK_Config)
    i.HAL_TIMEx_BreakCallback                0x080019a8   Section        0  stm32f0xx_hal_tim_ex.o(i.HAL_TIMEx_BreakCallback)
    i.HAL_TIMEx_CommutationCallback          0x080019aa   Section        0  stm32f0xx_hal_tim_ex.o(i.HAL_TIMEx_CommutationCallback)
    i.HAL_TIM_Base_Init                      0x080019ac   Section        0  stm32f0xx_hal_tim.o(i.HAL_TIM_Base_Init)
    i.HAL_TIM_Base_MspInit                   0x080019e0   Section        0  stm32f0xx_hal_tim.o(i.HAL_TIM_Base_MspInit)
    i.HAL_TIM_Base_Start_IT                  0x080019e2   Section        0  stm32f0xx_hal_tim.o(i.HAL_TIM_Base_Start_IT)
    i.HAL_TIM_IC_CaptureCallback             0x080019f8   Section        0  stm32f0xx_hal_tim.o(i.HAL_TIM_IC_CaptureCallback)
    i.HAL_TIM_IRQHandler                     0x080019fa   Section        0  stm32f0xx_hal_tim.o(i.HAL_TIM_IRQHandler)
    i.HAL_TIM_OC_DelayElapsedCallback        0x08001b5c   Section        0  stm32f0xx_hal_tim.o(i.HAL_TIM_OC_DelayElapsedCallback)
    i.HAL_TIM_PWM_PulseFinishedCallback      0x08001b5e   Section        0  stm32f0xx_hal_tim.o(i.HAL_TIM_PWM_PulseFinishedCallback)
    i.HAL_TIM_PeriodElapsedCallback          0x08001b60   Section        0  usbd_cdc_interface.o(i.HAL_TIM_PeriodElapsedCallback)
    i.HAL_TIM_TriggerCallback                0x08001b6c   Section        0  stm32f0xx_hal_tim.o(i.HAL_TIM_TriggerCallback)
    i.HAL_UARTEx_WakeupCallback              0x08001b6e   Section        0  stm32f0xx_hal_uart_ex.o(i.HAL_UARTEx_WakeupCallback)
    i.HAL_UART_DeInit                        0x08001b70   Section        0  stm32f0xx_hal_uart.o(i.HAL_UART_DeInit)
    i.HAL_UART_ErrorCallback                 0x08001bae   Section        0  usbd_cdc_interface.o(i.HAL_UART_ErrorCallback)
    i.HAL_UART_IRQHandler                    0x08001bb0   Section        0  stm32f0xx_hal_uart.o(i.HAL_UART_IRQHandler)
    i.HAL_UART_Init                          0x08001c88   Section        0  stm32f0xx_hal_uart.o(i.HAL_UART_Init)
    i.HAL_UART_MspDeInit                     0x08001cf4   Section        0  stm32f0xx_hal_msp.o(i.HAL_UART_MspDeInit)
    i.HAL_UART_MspInit                       0x08001d64   Section        0  stm32f0xx_hal_msp.o(i.HAL_UART_MspInit)
    i.HAL_UART_Receive_DMA                   0x08001ed4   Section        0  stm32f0xx_hal_uart.o(i.HAL_UART_Receive_DMA)
    i.HAL_UART_RxCpltCallback                0x08001f5c   Section        0  stm32f0xx_hal_uart.o(i.HAL_UART_RxCpltCallback)
    i.HAL_UART_RxHalfCpltCallback            0x08001f5e   Section        0  stm32f0xx_hal_uart.o(i.HAL_UART_RxHalfCpltCallback)
    i.HAL_UART_Transmit_IT                   0x08001f60   Section        0  stm32f0xx_hal_uart.o(i.HAL_UART_Transmit_IT)
    i.HAL_UART_TxCpltCallback                0x08001fb8   Section        0  usbd_cdc_interface.o(i.HAL_UART_TxCpltCallback)
    i.HardFault_Handler                      0x08001fd8   Section        0  stm32f0xx_it.o(i.HardFault_Handler)
    i.IntToUnicode                           0x08001fda   Section        0  usbd_desc.o(i.IntToUnicode)
    IntToUnicode                             0x08001fdb   Thumb Code    44  usbd_desc.o(i.IntToUnicode)
    i.NMI_Handler                            0x08002006   Section        0  stm32f0xx_it.o(i.NMI_Handler)
    i.NVIC_SetPriority                       0x08002008   Section        0  stm32f0xx_hal_cortex.o(i.NVIC_SetPriority)
    NVIC_SetPriority                         0x08002009   Thumb Code    60  stm32f0xx_hal_cortex.o(i.NVIC_SetPriority)
    i.PCD_EP_ISR_Handler                     0x0800204c   Section        0  stm32f0xx_hal_pcd.o(i.PCD_EP_ISR_Handler)
    PCD_EP_ISR_Handler                       0x0800204d   Thumb Code   802  stm32f0xx_hal_pcd.o(i.PCD_EP_ISR_Handler)
    i.PCD_ReadPMA                            0x08002384   Section        0  stm32f0xx_hal_pcd.o(i.PCD_ReadPMA)
    i.PCD_WritePMA                           0x080023a2   Section        0  stm32f0xx_hal_pcd.o(i.PCD_WritePMA)
    i.PendSV_Handler                         0x080023c8   Section        0  stm32f0xx_it.o(i.PendSV_Handler)
    i.SVC_Handler                            0x080023ca   Section        0  stm32f0xx_it.o(i.SVC_Handler)
    i.SysTick_Handler                        0x080023cc   Section        0  stm32f0xx_it.o(i.SysTick_Handler)
    i.SystemInit                             0x080023d4   Section        0  system_stm32f0xx.o(i.SystemInit)
    i.TIM3_IRQHandler                        0x08002430   Section        0  stm32f0xx_it.o(i.TIM3_IRQHandler)
    i.TIM_Base_SetConfig                     0x08002440   Section        0  stm32f0xx_hal_tim.o(i.TIM_Base_SetConfig)
    i.TIM_Config                             0x080024bc   Section        0  usbd_cdc_interface.o(i.TIM_Config)
    TIM_Config                               0x080024bd   Thumb Code    40  usbd_cdc_interface.o(i.TIM_Config)
    i.UART_AdvFeatureConfig                  0x080024f4   Section        0  stm32f0xx_hal_uart.o(i.UART_AdvFeatureConfig)
    i.UART_CheckIdleState                    0x080025c0   Section        0  stm32f0xx_hal_uart.o(i.UART_CheckIdleState)
    i.UART_DMAError                          0x08002620   Section        0  stm32f0xx_hal_uart.o(i.UART_DMAError)
    UART_DMAError                            0x08002621   Thumb Code    36  stm32f0xx_hal_uart.o(i.UART_DMAError)
    i.UART_DMAReceiveCplt                    0x08002644   Section        0  stm32f0xx_hal_uart.o(i.UART_DMAReceiveCplt)
    UART_DMAReceiveCplt                      0x08002645   Thumb Code    42  stm32f0xx_hal_uart.o(i.UART_DMAReceiveCplt)
    i.UART_DMARxHalfCplt                     0x0800266e   Section        0  stm32f0xx_hal_uart.o(i.UART_DMARxHalfCplt)
    UART_DMARxHalfCplt                       0x0800266f   Thumb Code    10  stm32f0xx_hal_uart.o(i.UART_DMARxHalfCplt)
    i.UART_EndTransmit_IT                    0x08002678   Section        0  stm32f0xx_hal_uart.o(i.UART_EndTransmit_IT)
    i.UART_Receive_IT                        0x08002692   Section        0  stm32f0xx_hal_uart.o(i.UART_Receive_IT)
    i.UART_SetConfig                         0x08002714   Section        0  stm32f0xx_hal_uart.o(i.UART_SetConfig)
    i.UART_Transmit_IT                       0x08002844   Section        0  stm32f0xx_hal_uart.o(i.UART_Transmit_IT)
    i.UART_WaitOnFlagUntilTimeout            0x080028aa   Section        0  stm32f0xx_hal_uart.o(i.UART_WaitOnFlagUntilTimeout)
    i.USART1_IRQHandler                      0x0800295c   Section        0  stm32f0xx_it.o(i.USART1_IRQHandler)
    i.USART2_IRQHandler                      0x0800296c   Section        0  stm32f0xx_it.o(i.USART2_IRQHandler)
    i.USBD_CDC_DataIn                        0x0800297c   Section        0  usbd_cdc.o(i.USBD_CDC_DataIn)
    USBD_CDC_DataIn                          0x0800297d   Thumb Code    52  usbd_cdc.o(i.USBD_CDC_DataIn)
    i.USBD_CDC_DataOut                       0x080029b0   Section        0  usbd_cdc.o(i.USBD_CDC_DataOut)
    USBD_CDC_DataOut                         0x080029b1   Thumb Code   116  usbd_cdc.o(i.USBD_CDC_DataOut)
    i.USBD_CDC_DeInit                        0x08002a2c   Section        0  usbd_cdc.o(i.USBD_CDC_DeInit)
    USBD_CDC_DeInit                          0x08002a2d   Thumb Code    92  usbd_cdc.o(i.USBD_CDC_DeInit)
    i.USBD_CDC_EP0_RxReady                   0x08002a88   Section        0  usbd_cdc.o(i.USBD_CDC_EP0_RxReady)
    USBD_CDC_EP0_RxReady                     0x08002a89   Thumb Code    84  usbd_cdc.o(i.USBD_CDC_EP0_RxReady)
    i.USBD_CDC_GetDeviceQualifierDescriptor  0x08002ae0   Section        0  usbd_cdc.o(i.USBD_CDC_GetDeviceQualifierDescriptor)
    i.USBD_CDC_GetFSCfgDesc                  0x08002aec   Section        0  usbd_cdc.o(i.USBD_CDC_GetFSCfgDesc)
    USBD_CDC_GetFSCfgDesc                    0x08002aed   Thumb Code     8  usbd_cdc.o(i.USBD_CDC_GetFSCfgDesc)
    i.USBD_CDC_GetHSCfgDesc                  0x08002af8   Section        0  usbd_cdc.o(i.USBD_CDC_GetHSCfgDesc)
    USBD_CDC_GetHSCfgDesc                    0x08002af9   Thumb Code     8  usbd_cdc.o(i.USBD_CDC_GetHSCfgDesc)
    i.USBD_CDC_GetOtherSpeedCfgDesc          0x08002b04   Section        0  usbd_cdc.o(i.USBD_CDC_GetOtherSpeedCfgDesc)
    USBD_CDC_GetOtherSpeedCfgDesc            0x08002b05   Thumb Code     8  usbd_cdc.o(i.USBD_CDC_GetOtherSpeedCfgDesc)
    i.USBD_CDC_GetUsrStrDescriptor1          0x08002b10   Section        0  usbd_cdc.o(i.USBD_CDC_GetUsrStrDescriptor1)
    USBD_CDC_GetUsrStrDescriptor1            0x08002b11   Thumb Code    16  usbd_cdc.o(i.USBD_CDC_GetUsrStrDescriptor1)
    i.USBD_CDC_GetUsrStrDescriptor2          0x08002b30   Section        0  usbd_cdc.o(i.USBD_CDC_GetUsrStrDescriptor2)
    USBD_CDC_GetUsrStrDescriptor2            0x08002b31   Thumb Code    16  usbd_cdc.o(i.USBD_CDC_GetUsrStrDescriptor2)
    i.USBD_CDC_Init                          0x08002b50   Section        0  usbd_cdc.o(i.USBD_CDC_Init)
    USBD_CDC_Init                            0x08002b51   Thumb Code   240  usbd_cdc.o(i.USBD_CDC_Init)
    i.USBD_CDC_ReceivePacket                 0x08002c40   Section        0  usbd_cdc.o(i.USBD_CDC_ReceivePacket)
    i.USBD_CDC_RegisterInterface             0x08002c84   Section        0  usbd_cdc.o(i.USBD_CDC_RegisterInterface)
    i.USBD_CDC_SetRxBuffer                   0x08002caa   Section        0  usbd_cdc.o(i.USBD_CDC_SetRxBuffer)
    i.USBD_CDC_SetTxBuffer                   0x08002cc8   Section        0  usbd_cdc.o(i.USBD_CDC_SetTxBuffer)
    i.USBD_CDC_Setup                         0x08002cec   Section        0  usbd_cdc.o(i.USBD_CDC_Setup)
    USBD_CDC_Setup                           0x08002ced   Thumb Code   180  usbd_cdc.o(i.USBD_CDC_Setup)
    i.USBD_CDC_TransmitPacket                0x08002da4   Section        0  usbd_cdc.o(i.USBD_CDC_TransmitPacket)
    i.USBD_ClrClassConfig                    0x08002dfe   Section        0  usbd_core.o(i.USBD_ClrClassConfig)
    i.USBD_CtlContinueRx                     0x08002e0e   Section        0  usbd_ioreq.o(i.USBD_CtlContinueRx)
    i.USBD_CtlContinueSendData               0x08002e1e   Section        0  usbd_ioreq.o(i.USBD_CtlContinueSendData)
    i.USBD_CtlError                          0x08002e2e   Section        0  usbd_ctlreq.o(i.USBD_CtlError)
    i.USBD_CtlPrepareRx                      0x08002e42   Section        0  usbd_ioreq.o(i.USBD_CtlPrepareRx)
    i.USBD_CtlReceiveStatus                  0x08002e62   Section        0  usbd_ioreq.o(i.USBD_CtlReceiveStatus)
    i.USBD_CtlSendData                       0x08002e7a   Section        0  usbd_ioreq.o(i.USBD_CtlSendData)
    i.USBD_CtlSendStatus                     0x08002e96   Section        0  usbd_ioreq.o(i.USBD_CtlSendStatus)
    i.USBD_GetDescriptor                     0x08002eae   Section        0  usbd_ctlreq.o(i.USBD_GetDescriptor)
    USBD_GetDescriptor                       0x08002eaf   Thumb Code   236  usbd_ctlreq.o(i.USBD_GetDescriptor)
    i.USBD_GetString                         0x08002f9a   Section        0  usbd_ctlreq.o(i.USBD_GetString)
    i.USBD_Init                              0x08002fde   Section        0  usbd_core.o(i.USBD_Init)
    i.USBD_LL_ClearStallEP                   0x08003010   Section        0  usbd_conf.o(i.USBD_LL_ClearStallEP)
    i.USBD_LL_CloseEP                        0x08003022   Section        0  usbd_conf.o(i.USBD_LL_CloseEP)
    i.USBD_LL_DataInStage                    0x08003034   Section        0  usbd_core.o(i.USBD_LL_DataInStage)
    i.USBD_LL_DataOutStage                   0x080030ea   Section        0  usbd_core.o(i.USBD_LL_DataOutStage)
    i.USBD_LL_GetRxDataSize                  0x0800315e   Section        0  usbd_conf.o(i.USBD_LL_GetRxDataSize)
    i.USBD_LL_Init                           0x08003170   Section        0  usbd_conf.o(i.USBD_LL_Init)
    i.USBD_LL_IsStallEP                      0x08003214   Section        0  usbd_conf.o(i.USBD_LL_IsStallEP)
    i.USBD_LL_OpenEP                         0x08003238   Section        0  usbd_conf.o(i.USBD_LL_OpenEP)
    i.USBD_LL_PrepareReceive                 0x08003250   Section        0  usbd_conf.o(i.USBD_LL_PrepareReceive)
    i.USBD_LL_Reset                          0x08003262   Section        0  usbd_core.o(i.USBD_LL_Reset)
    i.USBD_LL_SOF                            0x080032a8   Section        0  usbd_core.o(i.USBD_LL_SOF)
    i.USBD_LL_SetSpeed                       0x080032c6   Section        0  usbd_core.o(i.USBD_LL_SetSpeed)
    i.USBD_LL_SetUSBAddress                  0x080032cc   Section        0  usbd_conf.o(i.USBD_LL_SetUSBAddress)
    i.USBD_LL_SetupStage                     0x080032de   Section        0  usbd_core.o(i.USBD_LL_SetupStage)
    i.USBD_LL_StallEP                        0x0800333c   Section        0  usbd_conf.o(i.USBD_LL_StallEP)
    i.USBD_LL_Start                          0x0800334e   Section        0  usbd_conf.o(i.USBD_LL_Start)
    i.USBD_LL_Transmit                       0x08003360   Section        0  usbd_conf.o(i.USBD_LL_Transmit)
    i.USBD_ParseSetupRequest                 0x08003372   Section        0  usbd_ctlreq.o(i.USBD_ParseSetupRequest)
    i.USBD_RegisterClass                     0x0800339a   Section        0  usbd_core.o(i.USBD_RegisterClass)
    i.USBD_SetClassConfig                    0x080033b0   Section        0  usbd_core.o(i.USBD_SetClassConfig)
    i.USBD_SetConfig                         0x080033cc   Section        0  usbd_ctlreq.o(i.USBD_SetConfig)
    USBD_SetConfig                           0x080033cd   Thumb Code   108  usbd_ctlreq.o(i.USBD_SetConfig)
    i.USBD_Start                             0x0800343c   Section        0  usbd_core.o(i.USBD_Start)
    i.USBD_StdDevReq                         0x08003446   Section        0  usbd_ctlreq.o(i.USBD_StdDevReq)
    i.USBD_StdEPReq                          0x08003534   Section        0  usbd_ctlreq.o(i.USBD_StdEPReq)
    i.USBD_StdItfReq                         0x0800361e   Section        0  usbd_ctlreq.o(i.USBD_StdItfReq)
    i.USBD_VCP_ConfigStrDescriptor           0x08003658   Section        0  usbd_desc.o(i.USBD_VCP_ConfigStrDescriptor)
    i.USBD_VCP_DeviceDescriptor              0x08003678   Section        0  usbd_desc.o(i.USBD_VCP_DeviceDescriptor)
    i.USBD_VCP_InterfaceStrDescriptor        0x08003684   Section        0  usbd_desc.o(i.USBD_VCP_InterfaceStrDescriptor)
    i.USBD_VCP_LangIDStrDescriptor           0x080036a8   Section        0  usbd_desc.o(i.USBD_VCP_LangIDStrDescriptor)
    i.USBD_VCP_ManufacturerStrDescriptor     0x080036b4   Section        0  usbd_desc.o(i.USBD_VCP_ManufacturerStrDescriptor)
    i.USBD_VCP_ProductStrDescriptor          0x080036d4   Section        0  usbd_desc.o(i.USBD_VCP_ProductStrDescriptor)
    i.USBD_VCP_SerialStrDescriptor           0x080036f8   Section        0  usbd_desc.o(i.USBD_VCP_SerialStrDescriptor)
    i.USB_IRQHandler                         0x0800372c   Section        0  stm32f0xx_it.o(i.USB_IRQHandler)
    i.__ARM_common_switch8                   0x0800373c   Section        0  stm32f0xx_hal_tim.o(i.__ARM_common_switch8)
    i.__scatterload_copy                     0x08003756   Section       14  handlers.o(i.__scatterload_copy)
    i.__scatterload_null                     0x08003764   Section        2  handlers.o(i.__scatterload_null)
    i.__scatterload_zeroinit                 0x08003766   Section       14  handlers.o(i.__scatterload_zeroinit)
    i.free                                   0x08003774   Section        0  malloc.o(i.free)
    i.main                                   0x080037c8   Section        0  main.o(i.main)
    i.malloc                                 0x080039e4   Section        0  malloc.o(i.malloc)
    .constdata                               0x08003a50   Section       22  usbd_desc.o(.constdata)
    .constdata                               0x08003a66   Section       16  system_stm32f0xx.o(.constdata)
    .constdata                               0x08003a76   Section        8  system_stm32f0xx.o(.constdata)
    .data                                    0x20000000   Section       20  main.o(.data)
    .data                                    0x20000014   Section        8  usbd_cdc_interface.o(.data)
    .data                                    0x2000001c   Section       32  usbd_cdc_interface.o(.data)
    .data                                    0x2000003c   Section       28  usbd_desc.o(.data)
    .data                                    0x20000058   Section       26  usbd_desc.o(.data)
    .data                                    0x20000074   Section        4  system_stm32f0xx.o(.data)
    .data                                    0x20000078   Section        4  stm32f0xx_hal.o(.data)
    .data                                    0x2000007c   Section      449  usbd_cdc.o(.data)
    ifalt                                    0x2000007c   Data           1  usbd_cdc.o(.data)
    USBD_CDC_DeviceQualifierDesc             0x20000084   Data          10  usbd_cdc.o(.data)
    .data                                    0x20000240   Section       64  usbd_cdc.o(.data)
    .data                                    0x20000280   Section        1  usbd_ctlreq.o(.data)
    cfgidx                                   0x20000280   Data           1  usbd_ctlreq.o(.data)
    .data                                    0x20000284   Section        4  mvars.o(.data)
    .data                                    0x20000288   Section        4  mvars.o(.data)
    .bss                                     0x2000028c   Section      548  main.o(.bss)
    .bss                                     0x200004b0   Section      120  stm32f0xx_hal_msp.o(.bss)
    .bss                                     0x20000528   Section      796  usbd_cdc_interface.o(.bss)
    .bss                                     0x20000844   Section     1104  usbd_conf.o(.bss)
    mem                                      0x20000844   Data         560  usbd_conf.o(.bss)
    .bss                                     0x20000c94   Section      256  usbd_desc.o(.bss)
    .bss                                     0x20000d94   Section      512  usbd_cdc.o(.bss)
    .bss                                     0x20000f94   Section      512  usbd_cdc.o(.bss)
    HEAP                                     0x20001198   Section      512  startup_stm32f042x6.o(HEAP)
    STACK                                    0x20001398   Section     1024  startup_stm32f042x6.o(STACK)

    Global Symbols

    Symbol Name                              Value     Ov Type        Size  Object(Section)

    BuildAttributes$$THM_ISAv3M$S$PE$A:L22$X:L11$S22$IEEE1$IW$USESV6$~STKCKD$USESV7$~SHL$OSPACE$EBA8$MICROLIB$REQ8$PRES8$EABIv2 0x00000000   Number         0  anon$$obj.o ABSOLUTE
    __ARM_use_no_argv                        0x00000000   Number         0  main.o ABSOLUTE
    __cpp_initialize__aeabi_                  - Undefined Weak Reference
    __cxa_finalize                            - Undefined Weak Reference
    _clock_init                               - Undefined Weak Reference
    _microlib_exit                            - Undefined Weak Reference
    __Vectors_Size                           0x000000c0   Number         0  startup_stm32f042x6.o ABSOLUTE
    __Vectors                                0x08000000   Data           4  startup_stm32f042x6.o(RESET)
    __Vectors_End                            0x080000c0   Data           0  startup_stm32f042x6.o(RESET)
    __main                                   0x080000c1   Thumb Code     0  entry.o(.ARM.Collect$$$$00000000)
    _main_stk                                0x080000c1   Thumb Code     0  entry2.o(.ARM.Collect$$$$00000001)
    _main_scatterload                        0x080000c5   Thumb Code     0  entry5.o(.ARM.Collect$$$$00000004)
    __main_after_scatterload                 0x080000c9   Thumb Code     0  entry5.o(.ARM.Collect$$$$00000004)
    _main_clock                              0x080000c9   Thumb Code     0  entry7b.o(.ARM.Collect$$$$00000008)
    _main_cpp_init                           0x080000c9   Thumb Code     0  entry8b.o(.ARM.Collect$$$$0000000A)
    _main_init                               0x080000c9   Thumb Code     0  entry9a.o(.ARM.Collect$$$$0000000B)
    __rt_final_cpp                           0x080000d1   Thumb Code     0  entry10a.o(.ARM.Collect$$$$0000000D)
    __rt_final_exit                          0x080000d1   Thumb Code     0  entry11a.o(.ARM.Collect$$$$0000000F)
    Reset_Handler                            0x080000d5   Thumb Code    38  startup_stm32f042x6.o(.text)
    ADC1_IRQHandler                          0x08000105   Thumb Code     0  startup_stm32f042x6.o(.text)
    CEC_CAN_IRQHandler                       0x08000105   Thumb Code     0  startup_stm32f042x6.o(.text)
    DMA1_Channel1_IRQHandler                 0x08000105   Thumb Code     0  startup_stm32f042x6.o(.text)
    DMA1_Channel2_3_IRQHandler               0x08000105   Thumb Code     0  startup_stm32f042x6.o(.text)
    DMA1_Channel4_5_IRQHandler               0x08000105   Thumb Code     0  startup_stm32f042x6.o(.text)
    EXTI0_1_IRQHandler                       0x08000105   Thumb Code     0  startup_stm32f042x6.o(.text)
    EXTI2_3_IRQHandler                       0x08000105   Thumb Code     0  startup_stm32f042x6.o(.text)
    EXTI4_15_IRQHandler                      0x08000105   Thumb Code     0  startup_stm32f042x6.o(.text)
    FLASH_IRQHandler                         0x08000105   Thumb Code     0  startup_stm32f042x6.o(.text)
    I2C1_IRQHandler                          0x08000105   Thumb Code     0  startup_stm32f042x6.o(.text)
    PVD_VDDIO2_IRQHandler                    0x08000105   Thumb Code     0  startup_stm32f042x6.o(.text)
    RCC_CRS_IRQHandler                       0x08000105   Thumb Code     0  startup_stm32f042x6.o(.text)
    RTC_IRQHandler                           0x08000105   Thumb Code     0  startup_stm32f042x6.o(.text)
    SPI1_IRQHandler                          0x08000105   Thumb Code     0  startup_stm32f042x6.o(.text)
    SPI2_IRQHandler                          0x08000105   Thumb Code     0  startup_stm32f042x6.o(.text)
    TIM14_IRQHandler                         0x08000105   Thumb Code     0  startup_stm32f042x6.o(.text)
    TIM16_IRQHandler                         0x08000105   Thumb Code     0  startup_stm32f042x6.o(.text)
    TIM17_IRQHandler                         0x08000105   Thumb Code     0  startup_stm32f042x6.o(.text)
    TIM1_BRK_UP_TRG_COM_IRQHandler           0x08000105   Thumb Code     0  startup_stm32f042x6.o(.text)
    TIM1_CC_IRQHandler                       0x08000105   Thumb Code     0  startup_stm32f042x6.o(.text)
    TIM2_IRQHandler                          0x08000105   Thumb Code     0  startup_stm32f042x6.o(.text)
    TSC_IRQHandler                           0x08000105   Thumb Code     0  startup_stm32f042x6.o(.text)
    WWDG_IRQHandler                          0x08000105   Thumb Code     0  startup_stm32f042x6.o(.text)
    __aeabi_uidiv                            0x0800012d   Thumb Code     0  uidiv.o(.text)
    __aeabi_uidivmod                         0x0800012d   Thumb Code    44  uidiv.o(.text)
    __aeabi_memcpy                           0x08000159   Thumb Code    36  memcpya.o(.text)
    __aeabi_memcpy4                          0x08000159   Thumb Code     0  memcpya.o(.text)
    __aeabi_memcpy8                          0x08000159   Thumb Code     0  memcpya.o(.text)
    __aeabi_uread4                           0x0800017d   Thumb Code    20  uread4.o(.text)
    __rt_uread4                              0x0800017d   Thumb Code     0  uread4.o(.text)
    _uread4                                  0x0800017d   Thumb Code     0  uread4.o(.text)
    __scatterload                            0x08000191   Thumb Code    28  init.o(.text)
    __scatterload_rt2                        0x08000191   Thumb Code     0  init.o(.text)
    __decompress                             0x080001b5   Thumb Code     0  __dczerorl2.o(.text)
    __decompress1                            0x080001b5   Thumb Code    86  __dczerorl2.o(.text)
    HAL_DMA_Init                             0x080004e9   Thumb Code    78  stm32f0xx_hal_dma.o(i.HAL_DMA_Init)
    HAL_DMA_Start_IT                         0x0800053d   Thumb Code    78  stm32f0xx_hal_dma.o(i.HAL_DMA_Start_IT)
    HAL_GPIO_DeInit                          0x0800058d   Thumb Code   182  stm32f0xx_hal_gpio.o(i.HAL_GPIO_DeInit)
    HAL_GPIO_Init                            0x08000655   Thumb Code   294  stm32f0xx_hal_gpio.o(i.HAL_GPIO_Init)
    HAL_GetTick                              0x08000791   Thumb Code     6  stm32f0xx_hal.o(i.HAL_GetTick)
    HAL_IncTick                              0x0800079d   Thumb Code    10  stm32f0xx_hal.o(i.HAL_IncTick)
    HAL_Init                                 0x080007ad   Thumb Code    26  stm32f0xx_hal.o(i.HAL_Init)
    HAL_InitTick                             0x080007cd   Thumb Code    34  stm32f0xx_hal.o(i.HAL_InitTick)
    HAL_MspInit                              0x080007ef   Thumb Code     2  stm32f0xx_hal.o(i.HAL_MspInit)
    HAL_NVIC_DisableIRQ                      0x080007f1   Thumb Code    14  stm32f0xx_hal_cortex.o(i.HAL_NVIC_DisableIRQ)
    HAL_NVIC_EnableIRQ                       0x08000805   Thumb Code    14  stm32f0xx_hal_cortex.o(i.HAL_NVIC_EnableIRQ)
    HAL_NVIC_SetPriority                     0x08000819   Thumb Code     8  stm32f0xx_hal_cortex.o(i.HAL_NVIC_SetPriority)
    HAL_PCDEx_PMAConfig                      0x08000821   Thumb Code    58  stm32f0xx_hal_pcd_ex.o(i.HAL_PCDEx_PMAConfig)
    HAL_PCD_DataInStageCallback              0x0800085b   Thumb Code    24  usbd_conf.o(i.HAL_PCD_DataInStageCallback)
    HAL_PCD_DataOutStageCallback             0x08000873   Thumb Code    28  usbd_conf.o(i.HAL_PCD_DataOutStageCallback)
    HAL_PCD_EP_Close                         0x08000891   Thumb Code   346  stm32f0xx_hal_pcd.o(i.HAL_PCD_EP_Close)
    HAL_PCD_EP_ClrStall                      0x080009f9   Thumb Code   166  stm32f0xx_hal_pcd.o(i.HAL_PCD_EP_ClrStall)
    HAL_PCD_EP_GetRxCount                    0x08000aad   Thumb Code    20  stm32f0xx_hal_pcd.o(i.HAL_PCD_EP_GetRxCount)
    HAL_PCD_EP_Open                          0x08000ac1   Thumb Code   652  stm32f0xx_hal_pcd.o(i.HAL_PCD_EP_Open)
    HAL_PCD_EP_Receive                       0x08000d65   Thumb Code   250  stm32f0xx_hal_pcd.o(i.HAL_PCD_EP_Receive)
    HAL_PCD_EP_SetStall                      0x08000e6d   Thumb Code   136  stm32f0xx_hal_pcd.o(i.HAL_PCD_EP_SetStall)
    HAL_PCD_EP_Transmit                      0x08000f01   Thumb Code   220  stm32f0xx_hal_pcd.o(i.HAL_PCD_EP_Transmit)
    HAL_PCD_IRQHandler                       0x08000fed   Thumb Code   238  stm32f0xx_hal_pcd.o(i.HAL_PCD_IRQHandler)
    HAL_PCD_Init                             0x080010f9   Thumb Code   154  stm32f0xx_hal_pcd.o(i.HAL_PCD_Init)
    HAL_PCD_MspInit                          0x08001195   Thumb Code   112  usbd_conf.o(i.HAL_PCD_MspInit)
    HAL_PCD_ResetCallback                    0x0800120d   Thumb Code    24  usbd_conf.o(i.HAL_PCD_ResetCallback)
    HAL_PCD_ResumeCallback                   0x08001225   Thumb Code     2  usbd_conf.o(i.HAL_PCD_ResumeCallback)
    HAL_PCD_SOFCallback                      0x08001227   Thumb Code    16  usbd_conf.o(i.HAL_PCD_SOFCallback)
    HAL_PCD_SetAddress                       0x08001237   Thumb Code    44  stm32f0xx_hal_pcd.o(i.HAL_PCD_SetAddress)
    HAL_PCD_SetupStageCallback               0x08001263   Thumb Code    22  usbd_conf.o(i.HAL_PCD_SetupStageCallback)
    HAL_PCD_Start                            0x08001279   Thumb Code    18  stm32f0xx_hal_pcd.o(i.HAL_PCD_Start)
    HAL_PCD_SuspendCallback                  0x0800128b   Thumb Code     2  usbd_conf.o(i.HAL_PCD_SuspendCallback)
    HAL_RCCEx_PeriphCLKConfig                0x0800128d   Thumb Code   254  stm32f0xx_hal_rcc_ex.o(i.HAL_RCCEx_PeriphCLKConfig)
    HAL_RCC_ClockConfig                      0x08001399   Thumb Code   320  stm32f0xx_hal_rcc.o(i.HAL_RCC_ClockConfig)
    HAL_RCC_GetHCLKFreq                      0x080014ed   Thumb Code     6  stm32f0xx_hal_rcc.o(i.HAL_RCC_GetHCLKFreq)
    HAL_RCC_GetPCLK1Freq                     0x080014f9   Thumb Code    20  stm32f0xx_hal_rcc.o(i.HAL_RCC_GetPCLK1Freq)
    HAL_RCC_GetSysClockFreq                  0x08001519   Thumb Code    90  stm32f0xx_hal_rcc.o(i.HAL_RCC_GetSysClockFreq)
    HAL_RCC_OscConfig                        0x080015a1   Thumb Code   966  stm32f0xx_hal_rcc.o(i.HAL_RCC_OscConfig)
    HAL_SYSTICK_Config                       0x08001979   Thumb Code    38  stm32f0xx_hal_cortex.o(i.HAL_SYSTICK_Config)
    HAL_TIMEx_BreakCallback                  0x080019a9   Thumb Code     2  stm32f0xx_hal_tim_ex.o(i.HAL_TIMEx_BreakCallback)
    HAL_TIMEx_CommutationCallback            0x080019ab   Thumb Code     2  stm32f0xx_hal_tim_ex.o(i.HAL_TIMEx_CommutationCallback)
    HAL_TIM_Base_Init                        0x080019ad   Thumb Code    52  stm32f0xx_hal_tim.o(i.HAL_TIM_Base_Init)
    HAL_TIM_Base_MspInit                     0x080019e1   Thumb Code     2  stm32f0xx_hal_tim.o(i.HAL_TIM_Base_MspInit)
    HAL_TIM_Base_Start_IT                    0x080019e3   Thumb Code    22  stm32f0xx_hal_tim.o(i.HAL_TIM_Base_Start_IT)
    HAL_TIM_IC_CaptureCallback               0x080019f9   Thumb Code     2  stm32f0xx_hal_tim.o(i.HAL_TIM_IC_CaptureCallback)
    HAL_TIM_IRQHandler                       0x080019fb   Thumb Code   354  stm32f0xx_hal_tim.o(i.HAL_TIM_IRQHandler)
    HAL_TIM_OC_DelayElapsedCallback          0x08001b5d   Thumb Code     2  stm32f0xx_hal_tim.o(i.HAL_TIM_OC_DelayElapsedCallback)
    HAL_TIM_PWM_PulseFinishedCallback        0x08001b5f   Thumb Code     2  stm32f0xx_hal_tim.o(i.HAL_TIM_PWM_PulseFinishedCallback)
    HAL_TIM_PeriodElapsedCallback            0x08001b61   Thumb Code     8  usbd_cdc_interface.o(i.HAL_TIM_PeriodElapsedCallback)
    HAL_TIM_TriggerCallback                  0x08001b6d   Thumb Code     2  stm32f0xx_hal_tim.o(i.HAL_TIM_TriggerCallback)
    HAL_UARTEx_WakeupCallback                0x08001b6f   Thumb Code     2  stm32f0xx_hal_uart_ex.o(i.HAL_UARTEx_WakeupCallback)
    HAL_UART_DeInit                          0x08001b71   Thumb Code    62  stm32f0xx_hal_uart.o(i.HAL_UART_DeInit)
    HAL_UART_ErrorCallback                   0x08001baf   Thumb Code     2  usbd_cdc_interface.o(i.HAL_UART_ErrorCallback)
    HAL_UART_IRQHandler                      0x08001bb1   Thumb Code   216  stm32f0xx_hal_uart.o(i.HAL_UART_IRQHandler)
    HAL_UART_Init                            0x08001c89   Thumb Code   108  stm32f0xx_hal_uart.o(i.HAL_UART_Init)
    HAL_UART_MspDeInit                       0x08001cf5   Thumb Code   100  stm32f0xx_hal_msp.o(i.HAL_UART_MspDeInit)
    HAL_UART_MspInit                         0x08001d65   Thumb Code   348  stm32f0xx_hal_msp.o(i.HAL_UART_MspInit)
    HAL_UART_Receive_DMA                     0x08001ed5   Thumb Code   124  stm32f0xx_hal_uart.o(i.HAL_UART_Receive_DMA)
    HAL_UART_RxCpltCallback                  0x08001f5d   Thumb Code     2  stm32f0xx_hal_uart.o(i.HAL_UART_RxCpltCallback)
    HAL_UART_RxHalfCpltCallback              0x08001f5f   Thumb Code     2  stm32f0xx_hal_uart.o(i.HAL_UART_RxHalfCpltCallback)
    HAL_UART_Transmit_IT                     0x08001f61   Thumb Code    88  stm32f0xx_hal_uart.o(i.HAL_UART_Transmit_IT)
    HAL_UART_TxCpltCallback                  0x08001fb9   Thumb Code    24  usbd_cdc_interface.o(i.HAL_UART_TxCpltCallback)
    HardFault_Handler                        0x08001fd9   Thumb Code     2  stm32f0xx_it.o(i.HardFault_Handler)
    NMI_Handler                              0x08002007   Thumb Code     2  stm32f0xx_it.o(i.NMI_Handler)
    PCD_ReadPMA                              0x08002385   Thumb Code    30  stm32f0xx_hal_pcd.o(i.PCD_ReadPMA)
    PCD_WritePMA                             0x080023a3   Thumb Code    38  stm32f0xx_hal_pcd.o(i.PCD_WritePMA)
    PendSV_Handler                           0x080023c9   Thumb Code     2  stm32f0xx_it.o(i.PendSV_Handler)
    SVC_Handler                              0x080023cb   Thumb Code     2  stm32f0xx_it.o(i.SVC_Handler)
    SysTick_Handler                          0x080023cd   Thumb Code     8  stm32f0xx_it.o(i.SysTick_Handler)
    SystemInit                               0x080023d5   Thumb Code    78  system_stm32f0xx.o(i.SystemInit)
    TIM3_IRQHandler                          0x08002431   Thumb Code    10  stm32f0xx_it.o(i.TIM3_IRQHandler)
    TIM_Base_SetConfig                       0x08002441   Thumb Code   104  stm32f0xx_hal_tim.o(i.TIM_Base_SetConfig)
    UART_AdvFeatureConfig                    0x080024f5   Thumb Code   202  stm32f0xx_hal_uart.o(i.UART_AdvFeatureConfig)
    UART_CheckIdleState                      0x080025c1   Thumb Code    86  stm32f0xx_hal_uart.o(i.UART_CheckIdleState)
    UART_EndTransmit_IT                      0x08002679   Thumb Code    26  stm32f0xx_hal_uart.o(i.UART_EndTransmit_IT)
    UART_Receive_IT                          0x08002693   Thumb Code   130  stm32f0xx_hal_uart.o(i.UART_Receive_IT)
    UART_SetConfig                           0x08002715   Thumb Code   280  stm32f0xx_hal_uart.o(i.UART_SetConfig)
    UART_Transmit_IT                         0x08002845   Thumb Code   102  stm32f0xx_hal_uart.o(i.UART_Transmit_IT)
    UART_WaitOnFlagUntilTimeout              0x080028ab   Thumb Code   178  stm32f0xx_hal_uart.o(i.UART_WaitOnFlagUntilTimeout)
    USART1_IRQHandler                        0x0800295d   Thumb Code    10  stm32f0xx_it.o(i.USART1_IRQHandler)
    USART2_IRQHandler                        0x0800296d   Thumb Code    10  stm32f0xx_it.o(i.USART2_IRQHandler)
    USBD_CDC_GetDeviceQualifierDescriptor    0x08002ae1   Thumb Code     8  usbd_cdc.o(i.USBD_CDC_GetDeviceQualifierDescriptor)
    USBD_CDC_ReceivePacket                   0x08002c41   Thumb Code    68  usbd_cdc.o(i.USBD_CDC_ReceivePacket)
    USBD_CDC_RegisterInterface               0x08002c85   Thumb Code    38  usbd_cdc.o(i.USBD_CDC_RegisterInterface)
    USBD_CDC_SetRxBuffer                     0x08002cab   Thumb Code    30  usbd_cdc.o(i.USBD_CDC_SetRxBuffer)
    USBD_CDC_SetTxBuffer                     0x08002cc9   Thumb Code    34  usbd_cdc.o(i.USBD_CDC_SetTxBuffer)
    USBD_CDC_TransmitPacket                  0x08002da5   Thumb Code    90  usbd_cdc.o(i.USBD_CDC_TransmitPacket)
    USBD_ClrClassConfig                      0x08002dff   Thumb Code    16  usbd_core.o(i.USBD_ClrClassConfig)
    USBD_CtlContinueRx                       0x08002e0f   Thumb Code    16  usbd_ioreq.o(i.USBD_CtlContinueRx)
    USBD_CtlContinueSendData                 0x08002e1f   Thumb Code    16  usbd_ioreq.o(i.USBD_CtlContinueSendData)
    USBD_CtlError                            0x08002e2f   Thumb Code    20  usbd_ctlreq.o(i.USBD_CtlError)
    USBD_CtlPrepareRx                        0x08002e43   Thumb Code    32  usbd_ioreq.o(i.USBD_CtlPrepareRx)
    USBD_CtlReceiveStatus                    0x08002e63   Thumb Code    24  usbd_ioreq.o(i.USBD_CtlReceiveStatus)
    USBD_CtlSendData                         0x08002e7b   Thumb Code    28  usbd_ioreq.o(i.USBD_CtlSendData)
    USBD_CtlSendStatus                       0x08002e97   Thumb Code    24  usbd_ioreq.o(i.USBD_CtlSendStatus)
    USBD_GetString                           0x08002f9b   Thumb Code    68  usbd_ctlreq.o(i.USBD_GetString)
    USBD_Init                                0x08002fdf   Thumb Code    50  usbd_core.o(i.USBD_Init)
    USBD_LL_ClearStallEP                     0x08003011   Thumb Code    18  usbd_conf.o(i.USBD_LL_ClearStallEP)
    USBD_LL_CloseEP                          0x08003023   Thumb Code    18  usbd_conf.o(i.USBD_LL_CloseEP)
    USBD_LL_DataInStage                      0x08003035   Thumb Code   182  usbd_core.o(i.USBD_LL_DataInStage)
    USBD_LL_DataOutStage                     0x080030eb   Thumb Code   116  usbd_core.o(i.USBD_LL_DataOutStage)
    USBD_LL_GetRxDataSize                    0x0800315f   Thumb Code    16  usbd_conf.o(i.USBD_LL_GetRxDataSize)
    USBD_LL_Init                             0x08003171   Thumb Code   150  usbd_conf.o(i.USBD_LL_Init)
    USBD_LL_IsStallEP                        0x08003215   Thumb Code    36  usbd_conf.o(i.USBD_LL_IsStallEP)
    USBD_LL_OpenEP                           0x08003239   Thumb Code    24  usbd_conf.o(i.USBD_LL_OpenEP)
    USBD_LL_PrepareReceive                   0x08003251   Thumb Code    18  usbd_conf.o(i.USBD_LL_PrepareReceive)
    USBD_LL_Reset                            0x08003263   Thumb Code    70  usbd_core.o(i.USBD_LL_Reset)
    USBD_LL_SOF                              0x080032a9   Thumb Code    30  usbd_core.o(i.USBD_LL_SOF)
    USBD_LL_SetSpeed                         0x080032c7   Thumb Code     6  usbd_core.o(i.USBD_LL_SetSpeed)
    USBD_LL_SetUSBAddress                    0x080032cd   Thumb Code    18  usbd_conf.o(i.USBD_LL_SetUSBAddress)
    USBD_LL_SetupStage                       0x080032df   Thumb Code    94  usbd_core.o(i.USBD_LL_SetupStage)
    USBD_LL_StallEP                          0x0800333d   Thumb Code    18  usbd_conf.o(i.USBD_LL_StallEP)
    USBD_LL_Start                            0x0800334f   Thumb Code    18  usbd_conf.o(i.USBD_LL_Start)
    USBD_LL_Transmit                         0x08003361   Thumb Code    18  usbd_conf.o(i.USBD_LL_Transmit)
    USBD_ParseSetupRequest                   0x08003373   Thumb Code    40  usbd_ctlreq.o(i.USBD_ParseSetupRequest)
    USBD_RegisterClass                       0x0800339b   Thumb Code    22  usbd_core.o(i.USBD_RegisterClass)
    USBD_SetClassConfig                      0x080033b1   Thumb Code    28  usbd_core.o(i.USBD_SetClassConfig)
    USBD_Start                               0x0800343d   Thumb Code    10  usbd_core.o(i.USBD_Start)
    USBD_StdDevReq                           0x08003447   Thumb Code   238  usbd_ctlreq.o(i.USBD_StdDevReq)
    USBD_StdEPReq                            0x08003535   Thumb Code   234  usbd_ctlreq.o(i.USBD_StdEPReq)
    USBD_StdItfReq                           0x0800361f   Thumb Code    58  usbd_ctlreq.o(i.USBD_StdItfReq)
    USBD_VCP_ConfigStrDescriptor             0x08003659   Thumb Code    16  usbd_desc.o(i.USBD_VCP_ConfigStrDescriptor)
    USBD_VCP_DeviceDescriptor                0x08003679   Thumb Code     8  usbd_desc.o(i.USBD_VCP_DeviceDescriptor)
    USBD_VCP_InterfaceStrDescriptor          0x08003685   Thumb Code    16  usbd_desc.o(i.USBD_VCP_InterfaceStrDescriptor)
    USBD_VCP_LangIDStrDescriptor             0x080036a9   Thumb Code     8  usbd_desc.o(i.USBD_VCP_LangIDStrDescriptor)
    USBD_VCP_ManufacturerStrDescriptor       0x080036b5   Thumb Code    16  usbd_desc.o(i.USBD_VCP_ManufacturerStrDescriptor)
    USBD_VCP_ProductStrDescriptor            0x080036d5   Thumb Code    16  usbd_desc.o(i.USBD_VCP_ProductStrDescriptor)
    USBD_VCP_SerialStrDescriptor             0x080036f9   Thumb Code    44  usbd_desc.o(i.USBD_VCP_SerialStrDescriptor)
    USB_IRQHandler                           0x0800372d   Thumb Code    10  stm32f0xx_it.o(i.USB_IRQHandler)
    __ARM_common_switch8                     0x0800373d   Thumb Code    26  stm32f0xx_hal_tim.o(i.__ARM_common_switch8)
    __scatterload_copy                       0x08003757   Thumb Code    14  handlers.o(i.__scatterload_copy)
    __scatterload_null                       0x08003765   Thumb Code     2  handlers.o(i.__scatterload_null)
    __scatterload_zeroinit                   0x08003767   Thumb Code    14  handlers.o(i.__scatterload_zeroinit)
    free                                     0x08003775   Thumb Code    80  malloc.o(i.free)
    main                                     0x080037c9   Thumb Code   490  main.o(i.main)
    malloc                                   0x080039e5   Thumb Code    92  malloc.o(i.malloc)
    USBD_LangIDDesc                          0x08003a50   Data           4  usbd_desc.o(.constdata)
    hUSBDDeviceDesc                          0x08003a54   Data          18  usbd_desc.o(.constdata)
    AHBPrescTable                            0x08003a66   Data          16  system_stm32f0xx.o(.constdata)
    APBPrescTable                            0x08003a76   Data           8  system_stm32f0xx.o(.constdata)
    Region$$Table$$Base                      0x08003a80   Number         0  anon$$obj.o(Region$$Table)
    Region$$Table$$Limit                     0x08003aa0   Number         0  anon$$obj.o(Region$$Table)
    timer_expired                            0x20000000   Data           1  main.o(.data)
    UserTxBufPtrInX                          0x20000004   Data           4  main.o(.data)
    UserTxBufPtrOutX                         0x20000008   Data           4  main.o(.data)
    UserTxBufPtrInY                          0x2000000c   Data           4  main.o(.data)
    UserTxBufPtrOutY                         0x20000010   Data           4  main.o(.data)
    LineCoding                               0x20000014   Data           8  usbd_cdc_interface.o(.data)
    USBD_CDC_fops                            0x2000001c   Data          32  usbd_cdc_interface.o(.data)
    VCP_Desc                                 0x2000003c   Data          28  usbd_desc.o(.data)
    USBD_StringSerial                        0x20000058   Data          26  usbd_desc.o(.data)
    SystemCoreClock                          0x20000074   Data           4  system_stm32f0xx.o(.data)
    uwTick                                   0x20000078   Data           4  stm32f0xx_hal.o(.data)
    CurrentwIndx                             0x20000080   Data           4  usbd_cdc.o(.data)
    USBD_CDC_CfgHSDesc                       0x20000090   Data         141  usbd_cdc.o(.data)
    USBD_CDC_CfgFSDesc                       0x20000120   Data         141  usbd_cdc.o(.data)
    USBD_CDC_OtherSpeedCfgDesc               0x200001b0   Data         141  usbd_cdc.o(.data)
    USBD_CDC                                 0x20000240   Data          64  usbd_cdc.o(.data)
    __microlib_freelist                      0x20000284   Data           4  mvars.o(.data)
    __microlib_freelist_initialised          0x20000288   Data           4  mvars.o(.data)
    USBD_Device                              0x2000028c   Data         548  main.o(.bss)
    hdma_rx                                  0x200004b0   Data          60  stm32f0xx_hal_msp.o(.bss)
    hdmaY_rx                                 0x200004ec   Data          60  stm32f0xx_hal_msp.o(.bss)
    UART_RxBuffer                            0x20000528   Data         512  usbd_cdc_interface.o(.bss)
    UartHandleX                              0x20000728   Data         112  usbd_cdc_interface.o(.bss)
    UartHandleY                              0x20000798   Data         112  usbd_cdc_interface.o(.bss)
    TimHandle                                0x20000808   Data          60  usbd_cdc_interface.o(.bss)
    hpcd                                     0x20000a74   Data         544  usbd_conf.o(.bss)
    USBD_StrDesc                             0x20000c94   Data         256  usbd_desc.o(.bss)
    UserRxBuffer                             0x20000d94   Data         512  usbd_cdc.o(.bss)
    UserTxBuffer                             0x20000f94   Data         512  usbd_cdc.o(.bss)
    __heap_base                              0x20001198   Data           0  startup_stm32f042x6.o(HEAP)
    __heap_limit                             0x20001398   Data           0  startup_stm32f042x6.o(HEAP)
    __initial_sp                             0x20001798   Data           0  startup_stm32f042x6.o(STACK)



==============================================================================

Memory Map of the image

  Image Entry point : 0x080000c1

  Load Region LR_IROM1 (Base: 0x08000000, Size: 0x00003d2c, Max: 0x00008000, ABSOLUTE, COMPRESSED[0x00003bb4])

    Execution Region ER_IROM1 (Base: 0x08000000, Size: 0x00003aa0, Max: 0x00008000, ABSOLUTE)

    Base Addr    Size         Type   Attr      Idx    E Section Name        Object

    0x08000000   0x000000c0   Data   RO            3    RESET               startup_stm32f042x6.o
    0x080000c0   0x00000000   Code   RO         3900  * .ARM.Collect$$$$00000000  mc_p.l(entry.o)
    0x080000c0   0x00000004   Code   RO         3941    .ARM.Collect$$$$00000001  mc_p.l(entry2.o)
    0x080000c4   0x00000004   Code   RO         3944    .ARM.Collect$$$$00000004  mc_p.l(entry5.o)
    0x080000c8   0x00000000   Code   RO         3946    .ARM.Collect$$$$00000008  mc_p.l(entry7b.o)
    0x080000c8   0x00000000   Code   RO         3948    .ARM.Collect$$$$0000000A  mc_p.l(entry8b.o)
    0x080000c8   0x00000008   Code   RO         3949    .ARM.Collect$$$$0000000B  mc_p.l(entry9a.o)
    0x080000d0   0x00000000   Code   RO         3951    .ARM.Collect$$$$0000000D  mc_p.l(entry10a.o)
    0x080000d0   0x00000000   Code   RO         3953    .ARM.Collect$$$$0000000F  mc_p.l(entry11a.o)
    0x080000d0   0x00000004   Code   RO         3942    .ARM.Collect$$$$00002712  mc_p.l(entry2.o)
    0x080000d4   0x00000058   Code   RO            4    .text               startup_stm32f042x6.o
    0x0800012c   0x0000002c   Code   RO         3903    .text               mc_p.l(uidiv.o)
    0x08000158   0x00000024   Code   RO         3905    .text               mc_p.l(memcpya.o)
    0x0800017c   0x00000014   Code   RO         3939    .text               mc_p.l(uread4.o)
    0x08000190   0x00000024   Code   RO         3957    .text               mc_p.l(init.o)
    0x080001b4   0x00000056   Code   RO         3967    .text               mc_p.l(__dczerorl2.o)
    0x0800020a   0x00000002   PAD
    0x0800020c   0x00000068   Code   RO          279    i.CDC_Itf_Control_UARTx  usbd_cdc_interface.o
    0x08000274   0x00000068   Code   RO          280    i.CDC_Itf_Control_UARTy  usbd_cdc_interface.o
    0x080002dc   0x00000010   Code   RO          281    i.CDC_Itf_DeInit_UARTx  usbd_cdc_interface.o
    0x080002ec   0x00000010   Code   RO          282    i.CDC_Itf_DeInit_UARTy  usbd_cdc_interface.o
    0x080002fc   0x00000078   Code   RO          283    i.CDC_Itf_Init_UARTx  usbd_cdc_interface.o
    0x08000374   0x00000078   Code   RO          284    i.CDC_Itf_Init_UARTy  usbd_cdc_interface.o
    0x080003ec   0x00000018   Code   RO          285    i.CDC_Itf_Receive_UARTx  usbd_cdc_interface.o
    0x08000404   0x00000018   Code   RO          286    i.CDC_Itf_Receive_UARTy  usbd_cdc_interface.o
    0x0800041c   0x000000ac   Code   RO          287    i.ComPort_Config    usbd_cdc_interface.o
    0x080004c8   0x0000001e   Code   RO          993    i.DMA_SetConfig     stm32f0xx_hal_dma.o
    0x080004e6   0x00000002   PAD
    0x080004e8   0x00000054   Code   RO         1000    i.HAL_DMA_Init      stm32f0xx_hal_dma.o
    0x0800053c   0x0000004e   Code   RO         1003    i.HAL_DMA_Start_IT  stm32f0xx_hal_dma.o
    0x0800058a   0x00000002   PAD
    0x0800058c   0x000000c8   Code   RO         1072    i.HAL_GPIO_DeInit   stm32f0xx_hal_gpio.o
    0x08000654   0x0000013c   Code   RO         1075    i.HAL_GPIO_Init     stm32f0xx_hal_gpio.o
    0x08000790   0x0000000c   Code   RO          789    i.HAL_GetTick       stm32f0xx_hal.o
    0x0800079c   0x00000010   Code   RO          790    i.HAL_IncTick       stm32f0xx_hal.o
    0x080007ac   0x00000020   Code   RO          791    i.HAL_Init          stm32f0xx_hal.o
    0x080007cc   0x00000022   Code   RO          792    i.HAL_InitTick      stm32f0xx_hal.o
    0x080007ee   0x00000002   Code   RO          794    i.HAL_MspInit       stm32f0xx_hal.o
    0x080007f0   0x00000014   Code   RO          900    i.HAL_NVIC_DisableIRQ  stm32f0xx_hal_cortex.o
    0x08000804   0x00000014   Code   RO          901    i.HAL_NVIC_EnableIRQ  stm32f0xx_hal_cortex.o
    0x08000818   0x00000008   Code   RO          905    i.HAL_NVIC_SetPriority  stm32f0xx_hal_cortex.o
    0x08000820   0x0000003a   Code   RO         1778    i.HAL_PCDEx_PMAConfig  stm32f0xx_hal_pcd_ex.o
    0x0800085a   0x00000018   Code   RO          371    i.HAL_PCD_DataInStageCallback  usbd_conf.o
    0x08000872   0x0000001c   Code   RO          372    i.HAL_PCD_DataOutStageCallback  usbd_conf.o
    0x0800088e   0x00000002   PAD
    0x08000890   0x00000168   Code   RO         1567    i.HAL_PCD_EP_Close  stm32f0xx_hal_pcd.o
    0x080009f8   0x000000b4   Code   RO         1568    i.HAL_PCD_EP_ClrStall  stm32f0xx_hal_pcd.o
    0x08000aac   0x00000014   Code   RO         1570    i.HAL_PCD_EP_GetRxCount  stm32f0xx_hal_pcd.o
    0x08000ac0   0x000002a4   Code   RO         1571    i.HAL_PCD_EP_Open   stm32f0xx_hal_pcd.o
    0x08000d64   0x00000108   Code   RO         1572    i.HAL_PCD_EP_Receive  stm32f0xx_hal_pcd.o
    0x08000e6c   0x00000094   Code   RO         1573    i.HAL_PCD_EP_SetStall  stm32f0xx_hal_pcd.o
    0x08000f00   0x000000ec   Code   RO         1574    i.HAL_PCD_EP_Transmit  stm32f0xx_hal_pcd.o
    0x08000fec   0x0000010c   Code   RO         1576    i.HAL_PCD_IRQHandler  stm32f0xx_hal_pcd.o
    0x080010f8   0x0000009a   Code   RO         1579    i.HAL_PCD_Init      stm32f0xx_hal_pcd.o
    0x08001192   0x00000002   PAD
    0x08001194   0x00000078   Code   RO          377    i.HAL_PCD_MspInit   usbd_conf.o
    0x0800120c   0x00000018   Code   RO          378    i.HAL_PCD_ResetCallback  usbd_conf.o
    0x08001224   0x00000002   Code   RO          379    i.HAL_PCD_ResumeCallback  usbd_conf.o
    0x08001226   0x00000010   Code   RO          380    i.HAL_PCD_SOFCallback  usbd_conf.o
    0x08001236   0x0000002c   Code   RO         1585    i.HAL_PCD_SetAddress  stm32f0xx_hal_pcd.o
    0x08001262   0x00000016   Code   RO          381    i.HAL_PCD_SetupStageCallback  usbd_conf.o
    0x08001278   0x00000012   Code   RO         1587    i.HAL_PCD_Start     stm32f0xx_hal_pcd.o
    0x0800128a   0x00000002   Code   RO          382    i.HAL_PCD_SuspendCallback  usbd_conf.o
    0x0800128c   0x0000010c   Code   RO         1987    i.HAL_RCCEx_PeriphCLKConfig  stm32f0xx_hal_rcc_ex.o
    0x08001398   0x00000154   Code   RO         1885    i.HAL_RCC_ClockConfig  stm32f0xx_hal_rcc.o
    0x080014ec   0x0000000c   Code   RO         1890    i.HAL_RCC_GetHCLKFreq  stm32f0xx_hal_rcc.o
    0x080014f8   0x00000020   Code   RO         1892    i.HAL_RCC_GetPCLK1Freq  stm32f0xx_hal_rcc.o
    0x08001518   0x00000088   Code   RO         1893    i.HAL_RCC_GetSysClockFreq  stm32f0xx_hal_rcc.o
    0x080015a0   0x000003d8   Code   RO         1896    i.HAL_RCC_OscConfig  stm32f0xx_hal_rcc.o
    0x08001978   0x00000030   Code   RO          909    i.HAL_SYSTICK_Config  stm32f0xx_hal_cortex.o
    0x080019a8   0x00000002   Code   RO         2991    i.HAL_TIMEx_BreakCallback  stm32f0xx_hal_tim_ex.o
    0x080019aa   0x00000002   Code   RO         2992    i.HAL_TIMEx_CommutationCallback  stm32f0xx_hal_tim_ex.o
    0x080019ac   0x00000034   Code   RO         2364    i.HAL_TIM_Base_Init  stm32f0xx_hal_tim.o
    0x080019e0   0x00000002   Code   RO         2366    i.HAL_TIM_Base_MspInit  stm32f0xx_hal_tim.o
    0x080019e2   0x00000016   Code   RO         2369    i.HAL_TIM_Base_Start_IT  stm32f0xx_hal_tim.o
    0x080019f8   0x00000002   Code   RO         2393    i.HAL_TIM_IC_CaptureCallback  stm32f0xx_hal_tim.o
    0x080019fa   0x00000162   Code   RO         2406    i.HAL_TIM_IRQHandler  stm32f0xx_hal_tim.o
    0x08001b5c   0x00000002   Code   RO         2409    i.HAL_TIM_OC_DelayElapsedCallback  stm32f0xx_hal_tim.o
    0x08001b5e   0x00000002   Code   RO         2436    i.HAL_TIM_PWM_PulseFinishedCallback  stm32f0xx_hal_tim.o
    0x08001b60   0x0000000c   Code   RO          288    i.HAL_TIM_PeriodElapsedCallback  usbd_cdc_interface.o
    0x08001b6c   0x00000002   Code   RO         2447    i.HAL_TIM_TriggerCallback  stm32f0xx_hal_tim.o
    0x08001b6e   0x00000002   Code   RO         3482    i.HAL_UARTEx_WakeupCallback  stm32f0xx_hal_uart_ex.o
    0x08001b70   0x0000003e   Code   RO         3236    i.HAL_UART_DeInit   stm32f0xx_hal_uart.o
    0x08001bae   0x00000002   Code   RO          289    i.HAL_UART_ErrorCallback  usbd_cdc_interface.o
    0x08001bb0   0x000000d8   Code   RO         3240    i.HAL_UART_IRQHandler  stm32f0xx_hal_uart.o
    0x08001c88   0x0000006c   Code   RO         3241    i.HAL_UART_Init     stm32f0xx_hal_uart.o
    0x08001cf4   0x00000070   Code   RO          178    i.HAL_UART_MspDeInit  stm32f0xx_hal_msp.o
    0x08001d64   0x00000170   Code   RO          179    i.HAL_UART_MspInit  stm32f0xx_hal_msp.o
    0x08001ed4   0x00000088   Code   RO         3245    i.HAL_UART_Receive_DMA  stm32f0xx_hal_uart.o
    0x08001f5c   0x00000002   Code   RO         3247    i.HAL_UART_RxCpltCallback  stm32f0xx_hal_uart.o
    0x08001f5e   0x00000002   Code   RO         3248    i.HAL_UART_RxHalfCpltCallback  stm32f0xx_hal_uart.o
    0x08001f60   0x00000058   Code   RO         3251    i.HAL_UART_Transmit_IT  stm32f0xx_hal_uart.o
    0x08001fb8   0x00000020   Code   RO          290    i.HAL_UART_TxCpltCallback  usbd_cdc_interface.o
    0x08001fd8   0x00000002   Code   RO          207    i.HardFault_Handler  stm32f0xx_it.o
    0x08001fda   0x0000002c   Code   RO          567    i.IntToUnicode      usbd_desc.o
    0x08002006   0x00000002   Code   RO          208    i.NMI_Handler       stm32f0xx_it.o
    0x08002008   0x00000044   Code   RO          911    i.NVIC_SetPriority  stm32f0xx_hal_cortex.o
    0x0800204c   0x00000338   Code   RO         1590    i.PCD_EP_ISR_Handler  stm32f0xx_hal_pcd.o
    0x08002384   0x0000001e   Code   RO         1591    i.PCD_ReadPMA       stm32f0xx_hal_pcd.o
    0x080023a2   0x00000026   Code   RO         1592    i.PCD_WritePMA      stm32f0xx_hal_pcd.o
    0x080023c8   0x00000002   Code   RO          209    i.PendSV_Handler    stm32f0xx_it.o
    0x080023ca   0x00000002   Code   RO          210    i.SVC_Handler       stm32f0xx_it.o
    0x080023cc   0x00000008   Code   RO          211    i.SysTick_Handler   stm32f0xx_it.o
    0x080023d4   0x0000005c   Code   RO          747    i.SystemInit        system_stm32f0xx.o
    0x08002430   0x00000010   Code   RO          212    i.TIM3_IRQHandler   stm32f0xx_it.o
    0x08002440   0x0000007c   Code   RO         2448    i.TIM_Base_SetConfig  stm32f0xx_hal_tim.o
    0x080024bc   0x00000038   Code   RO          291    i.TIM_Config        usbd_cdc_interface.o
    0x080024f4   0x000000ca   Code   RO         3254    i.UART_AdvFeatureConfig  stm32f0xx_hal_uart.o
    0x080025be   0x00000002   PAD
    0x080025c0   0x00000060   Code   RO         3255    i.UART_CheckIdleState  stm32f0xx_hal_uart.o
    0x08002620   0x00000024   Code   RO         3256    i.UART_DMAError     stm32f0xx_hal_uart.o
    0x08002644   0x0000002a   Code   RO         3257    i.UART_DMAReceiveCplt  stm32f0xx_hal_uart.o
    0x0800266e   0x0000000a   Code   RO         3258    i.UART_DMARxHalfCplt  stm32f0xx_hal_uart.o
    0x08002678   0x0000001a   Code   RO         3261    i.UART_EndTransmit_IT  stm32f0xx_hal_uart.o
    0x08002692   0x00000082   Code   RO         3262    i.UART_Receive_IT   stm32f0xx_hal_uart.o
    0x08002714   0x00000130   Code   RO         3263    i.UART_SetConfig    stm32f0xx_hal_uart.o
    0x08002844   0x00000066   Code   RO         3264    i.UART_Transmit_IT  stm32f0xx_hal_uart.o
    0x080028aa   0x000000b2   Code   RO         3265    i.UART_WaitOnFlagUntilTimeout  stm32f0xx_hal_uart.o
    0x0800295c   0x00000010   Code   RO          213    i.USART1_IRQHandler  stm32f0xx_it.o
    0x0800296c   0x00000010   Code   RO          214    i.USART2_IRQHandler  stm32f0xx_it.o
    0x0800297c   0x00000034   Code   RO         3537    i.USBD_CDC_DataIn   usbd_cdc.o
    0x080029b0   0x0000007c   Code   RO         3538    i.USBD_CDC_DataOut  usbd_cdc.o
    0x08002a2c   0x0000005c   Code   RO         3539    i.USBD_CDC_DeInit   usbd_cdc.o
    0x08002a88   0x00000058   Code   RO         3540    i.USBD_CDC_EP0_RxReady  usbd_cdc.o
    0x08002ae0   0x0000000c   Code   RO         3541    i.USBD_CDC_GetDeviceQualifierDescriptor  usbd_cdc.o
    0x08002aec   0x0000000c   Code   RO         3542    i.USBD_CDC_GetFSCfgDesc  usbd_cdc.o
    0x08002af8   0x0000000c   Code   RO         3543    i.USBD_CDC_GetHSCfgDesc  usbd_cdc.o
    0x08002b04   0x0000000c   Code   RO         3544    i.USBD_CDC_GetOtherSpeedCfgDesc  usbd_cdc.o
    0x08002b10   0x00000020   Code   RO         3545    i.USBD_CDC_GetUsrStrDescriptor1  usbd_cdc.o
    0x08002b30   0x00000020   Code   RO         3546    i.USBD_CDC_GetUsrStrDescriptor2  usbd_cdc.o
    0x08002b50   0x000000f0   Code   RO         3547    i.USBD_CDC_Init     usbd_cdc.o
    0x08002c40   0x00000044   Code   RO         3548    i.USBD_CDC_ReceivePacket  usbd_cdc.o
    0x08002c84   0x00000026   Code   RO         3549    i.USBD_CDC_RegisterInterface  usbd_cdc.o
    0x08002caa   0x0000001e   Code   RO         3550    i.USBD_CDC_SetRxBuffer  usbd_cdc.o
    0x08002cc8   0x00000022   Code   RO         3551    i.USBD_CDC_SetTxBuffer  usbd_cdc.o
    0x08002cea   0x00000002   PAD
    0x08002cec   0x000000b8   Code   RO         3552    i.USBD_CDC_Setup    usbd_cdc.o
    0x08002da4   0x0000005a   Code   RO         3553    i.USBD_CDC_TransmitPacket  usbd_cdc.o
    0x08002dfe   0x00000010   Code   RO         3651    i.USBD_ClrClassConfig  usbd_core.o
    0x08002e0e   0x00000010   Code   RO         3846    i.USBD_CtlContinueRx  usbd_ioreq.o
    0x08002e1e   0x00000010   Code   RO         3847    i.USBD_CtlContinueSendData  usbd_ioreq.o
    0x08002e2e   0x00000014   Code   RO         3785    i.USBD_CtlError     usbd_ctlreq.o
    0x08002e42   0x00000020   Code   RO         3848    i.USBD_CtlPrepareRx  usbd_ioreq.o
    0x08002e62   0x00000018   Code   RO         3849    i.USBD_CtlReceiveStatus  usbd_ioreq.o
    0x08002e7a   0x0000001c   Code   RO         3850    i.USBD_CtlSendData  usbd_ioreq.o
    0x08002e96   0x00000018   Code   RO         3851    i.USBD_CtlSendStatus  usbd_ioreq.o
    0x08002eae   0x000000ec   Code   RO         3786    i.USBD_GetDescriptor  usbd_ctlreq.o
    0x08002f9a   0x00000044   Code   RO         3787    i.USBD_GetString    usbd_ctlreq.o
    0x08002fde   0x00000032   Code   RO         3653    i.USBD_Init         usbd_core.o
    0x08003010   0x00000012   Code   RO          383    i.USBD_LL_ClearStallEP  usbd_conf.o
    0x08003022   0x00000012   Code   RO          384    i.USBD_LL_CloseEP   usbd_conf.o
    0x08003034   0x000000b6   Code   RO         3654    i.USBD_LL_DataInStage  usbd_core.o
    0x080030ea   0x00000074   Code   RO         3655    i.USBD_LL_DataOutStage  usbd_core.o
    0x0800315e   0x00000010   Code   RO          388    i.USBD_LL_GetRxDataSize  usbd_conf.o
    0x0800316e   0x00000002   PAD
    0x08003170   0x000000a4   Code   RO          389    i.USBD_LL_Init      usbd_conf.o
    0x08003214   0x00000024   Code   RO          390    i.USBD_LL_IsStallEP  usbd_conf.o
    0x08003238   0x00000018   Code   RO          391    i.USBD_LL_OpenEP    usbd_conf.o
    0x08003250   0x00000012   Code   RO          392    i.USBD_LL_PrepareReceive  usbd_conf.o
    0x08003262   0x00000046   Code   RO         3660    i.USBD_LL_Reset     usbd_core.o
    0x080032a8   0x0000001e   Code   RO         3662    i.USBD_LL_SOF       usbd_core.o
    0x080032c6   0x00000006   Code   RO         3663    i.USBD_LL_SetSpeed  usbd_core.o
    0x080032cc   0x00000012   Code   RO          393    i.USBD_LL_SetUSBAddress  usbd_conf.o
    0x080032de   0x0000005e   Code   RO         3664    i.USBD_LL_SetupStage  usbd_core.o
    0x0800333c   0x00000012   Code   RO          394    i.USBD_LL_StallEP   usbd_conf.o
    0x0800334e   0x00000012   Code   RO          395    i.USBD_LL_Start     usbd_conf.o
    0x08003360   0x00000012   Code   RO          397    i.USBD_LL_Transmit  usbd_conf.o
    0x08003372   0x00000028   Code   RO         3788    i.USBD_ParseSetupRequest  usbd_ctlreq.o
    0x0800339a   0x00000016   Code   RO         3666    i.USBD_RegisterClass  usbd_core.o
    0x080033b0   0x0000001c   Code   RO         3668    i.USBD_SetClassConfig  usbd_core.o
    0x080033cc   0x00000070   Code   RO         3789    i.USBD_SetConfig    usbd_ctlreq.o
    0x0800343c   0x0000000a   Code   RO         3669    i.USBD_Start        usbd_core.o
    0x08003446   0x000000ee   Code   RO         3790    i.USBD_StdDevReq    usbd_ctlreq.o
    0x08003534   0x000000ea   Code   RO         3791    i.USBD_StdEPReq     usbd_ctlreq.o
    0x0800361e   0x0000003a   Code   RO         3792    i.USBD_StdItfReq    usbd_ctlreq.o
    0x08003658   0x00000020   Code   RO          568    i.USBD_VCP_ConfigStrDescriptor  usbd_desc.o
    0x08003678   0x0000000c   Code   RO          569    i.USBD_VCP_DeviceDescriptor  usbd_desc.o
    0x08003684   0x00000024   Code   RO          570    i.USBD_VCP_InterfaceStrDescriptor  usbd_desc.o
    0x080036a8   0x0000000c   Code   RO          571    i.USBD_VCP_LangIDStrDescriptor  usbd_desc.o
    0x080036b4   0x00000020   Code   RO          572    i.USBD_VCP_ManufacturerStrDescriptor  usbd_desc.o
    0x080036d4   0x00000024   Code   RO          573    i.USBD_VCP_ProductStrDescriptor  usbd_desc.o
    0x080036f8   0x00000034   Code   RO          574    i.USBD_VCP_SerialStrDescriptor  usbd_desc.o
    0x0800372c   0x00000010   Code   RO          215    i.USB_IRQHandler    stm32f0xx_it.o
    0x0800373c   0x0000001a   Code   RO         2983    i.__ARM_common_switch8  stm32f0xx_hal_tim.o
    0x08003756   0x0000000e   Code   RO         3961    i.__scatterload_copy  mc_p.l(handlers.o)
    0x08003764   0x00000002   Code   RO         3962    i.__scatterload_null  mc_p.l(handlers.o)
    0x08003766   0x0000000e   Code   RO         3963    i.__scatterload_zeroinit  mc_p.l(handlers.o)
    0x08003774   0x00000054   Code   RO         3911    i.free              mc_p.l(malloc.o)
    0x080037c8   0x0000021c   Code   RO           12    i.main              main.o
    0x080039e4   0x0000006c   Code   RO         3912    i.malloc            mc_p.l(malloc.o)
    0x08003a50   0x00000016   Data   RO          576    .constdata          usbd_desc.o
    0x08003a66   0x00000010   Data   RO          748    .constdata          system_stm32f0xx.o
    0x08003a76   0x00000008   Data   RO          749    .constdata          system_stm32f0xx.o
    0x08003a7e   0x00000002   PAD
    0x08003a80   0x00000020   Data   RO         3959    Region$$Table       anon$$obj.o


    Execution Region RW_IRAM1 (Base: 0x20000000, Size: 0x00001798, Max: 0x00001800, ABSOLUTE, COMPRESSED[0x00000114])

    Base Addr    Size         Type   Attr      Idx    E Section Name        Object

    0x20000000   0x00000014   Data   RW           14    .data               main.o
    0x20000014   0x00000008   Data   RW          293    .data               usbd_cdc_interface.o
    0x2000001c   0x00000020   Data   RW          294    .data               usbd_cdc_interface.o
    0x2000003c   0x0000001c   Data   RW          577    .data               usbd_desc.o
    0x20000058   0x0000001a   Data   RW          578    .data               usbd_desc.o
    0x20000072   0x00000002   PAD
    0x20000074   0x00000004   Data   RW          750    .data               system_stm32f0xx.o
    0x20000078   0x00000004   Data   RW          797    .data               stm32f0xx_hal.o
    0x2000007c   0x000001c1   Data   RW         3556    .data               usbd_cdc.o
    0x2000023d   0x00000003   PAD
    0x20000240   0x00000040   Data   RW         3557    .data               usbd_cdc.o
    0x20000280   0x00000001   Data   RW         3793    .data               usbd_ctlreq.o
    0x20000281   0x00000003   PAD
    0x20000284   0x00000004   Data   RW         3955    .data               mc_p.l(mvars.o)
    0x20000288   0x00000004   Data   RW         3956    .data               mc_p.l(mvars.o)
    0x2000028c   0x00000224   Zero   RW           13    .bss                main.o
    0x200004b0   0x00000078   Zero   RW          180    .bss                stm32f0xx_hal_msp.o
    0x20000528   0x0000031c   Zero   RW          292    .bss                usbd_cdc_interface.o
    0x20000844   0x00000450   Zero   RW          400    .bss                usbd_conf.o
    0x20000c94   0x00000100   Zero   RW          575    .bss                usbd_desc.o
    0x20000d94   0x00000200   Zero   RW         3554    .bss                usbd_cdc.o
    0x20000f94   0x00000200   Zero   RW         3555    .bss                usbd_cdc.o
    0x20001194   0x00000004   PAD
    0x20001198   0x00000200   Zero   RW            2    HEAP                startup_stm32f042x6.o
    0x20001398   0x00000400   Zero   RW            1    STACK               startup_stm32f042x6.o


==============================================================================

Image component sizes


      Code (inc. data)   RO Data    RW Data    ZI Data      Debug   Object Name

       540         50          0         20        548     477459   main.o
        88         38        192          0       1536        736   startup_stm32f042x6.o
        96         18          0          4          0       4337   stm32f0xx_hal.o
       164         30          0          0          0       9303   stm32f0xx_hal_cortex.o
       192          6          0          0          0       2866   stm32f0xx_hal_dma.o
       516         40          0          0          0       2642   stm32f0xx_hal_gpio.o
       480         32          0          0        120       2531   stm32f0xx_hal_msp.o
      3260        146          0          0          0      13715   stm32f0xx_hal_pcd.o
        58          0          0          0          0       1338   stm32f0xx_hal_pcd_ex.o
      1504        102          0          0          0       5669   stm32f0xx_hal_rcc.o
       268         14          0          0          0       1688   stm32f0xx_hal_rcc_ex.o
       588         20          0          0          0       7832   stm32f0xx_hal_tim.o
         4          0          0          0          0       1926   stm32f0xx_hal_tim_ex.o
      1740         46          0          0          0      13762   stm32f0xx_hal_uart.o
         2          0          0          0          0       1240   stm32f0xx_hal_uart_ex.o
        80         24          0          0          0       4690   stm32f0xx_it.o
        92         14         24          4          0       1427   system_stm32f0xx.o
      1152         64          0        513       1024      16482   usbd_cdc.o
       802        130          0         40        796       8820   usbd_cdc_interface.o
       604         22          0          0       1104      12584   usbd_conf.o
       624          0          0          0          0       8825   usbd_core.o
      1006         36          0          1          0       7664   usbd_ctlreq.o
       256         88         22         54        256       5970   usbd_desc.o
       140          0          0          0          0       4852   usbd_ioreq.o

    ----------------------------------------------------------------------
     14270        920        272        644       5388     618358   Object Totals
         0          0         32          0          0          0   (incl. Generated)
        14          0          2          8          4          0   (incl. Padding)

    ----------------------------------------------------------------------

      Code (inc. data)   RO Data    RW Data    ZI Data      Debug   Library Member Name

        86          0          0          0          0          0   __dczerorl2.o
         0          0          0          0          0          0   entry.o
         0          0          0          0          0          0   entry10a.o
         0          0          0          0          0          0   entry11a.o
         8          4          0          0          0          0   entry2.o
         4          0          0          0          0          0   entry5.o
         0          0          0          0          0          0   entry7b.o
         0          0          0          0          0          0   entry8b.o
         8          4          0          0          0          0   entry9a.o
        30          0          0          0          0          0   handlers.o
        36          8          0          0          0         68   init.o
       192         20          0          0          0        144   malloc.o
        36          0          0          0          0         60   memcpya.o
         0          0          0          8          0          0   mvars.o
        44          0          0          0          0         72   uidiv.o
        20          0          0          0          0         60   uread4.o

    ----------------------------------------------------------------------
       466         36          0          8          0        404   Library Totals
         2          0          0          0          0          0   (incl. Padding)

    ----------------------------------------------------------------------

      Code (inc. data)   RO Data    RW Data    ZI Data      Debug   Library Name

       464         36          0          8          0        404   mc_p.l

    ----------------------------------------------------------------------
       466         36          0          8          0        404   Library Totals

    ----------------------------------------------------------------------

==============================================================================


      Code (inc. data)   RO Data    RW Data    ZI Data      Debug   

     14736        956        272        652       5388     611946   Grand Totals
     14736        956        272        276       5388     611946   ELF Image Totals (compressed)
     14736        956        272        276          0          0   ROM Totals

==============================================================================

    Total RO  Size (Code + RO Data)                15008 (  14.66kB)
    Total RW  Size (RW Data + ZI Data)              6040 (   5.90kB)
    Total ROM Size (Code + RO Data + RW Data)      15284 (  14.93kB)

==============================================================================

